Ligne 366 : 429 (Too Many Requests) from TTS API. Probable cause: Unknown
Ligne 367 : 429 (Too Many Requests) from TTS API. Probable cause: Unknown
Ligne 368 : 429 (Too Many Requests) from TTS API. Probable cause: Unknown
Ligne 369 : 429 (Too Many Requests) from TTS API. Probable cause: Unknown
Ligne 370 : 429 (Too Many Requests) from TTS API. Probable cause: Unknown
Ligne 371 : 429 (Too Many Requests) from TTS API. Probable cause: Unknown
Ligne 372 : 429 (Too Many Requests) from TTS API. Probable cause: Unknown
Ligne 373 : 429 (Too Many Requests) from TTS API. Probable cause: Unknown
Ligne 374 : 429 (Too Many Requests) from TTS API. Probable cause: Unknown
Ligne 375 : 429 (Too Many Requests) from TTS API. Probable cause: Unknown
Ligne 376 : 429 (Too Many Requests) from TTS API. Probable cause: Unknown
Ligne 377 : 429 (Too Many Requests) from TTS API. Probable cause: Unknown
Ligne 378 : 429 (Too Many Requests) from TTS API. Probable cause: Unknown
Ligne 379 : 429 (Too Many Requests) from TTS API. Probable cause: Unknown
Ligne 380 : 429 (Too Many Requests) from TTS API. Probable cause: Unknown
Ligne 381 : 429 (Too Many Requests) from TTS API. Probable cause: Unknown
Ligne 382 : 429 (Too Many Requests) from TTS API. Probable cause: Unknown
Ligne 383 : 429 (Too Many Requests) from TTS API. Probable cause: Unknown
Ligne 384 : 429 (Too Many Requests) from TTS API. Probable cause: Unknown
Ligne 385 : 429 (Too Many Requests) from TTS API. Probable cause: Unknown
Ligne 386 : 429 (Too Many Requests) from TTS API. Probable cause: Unknown
Ligne 387 : 429 (Too Many Requests) from TTS API. Probable cause: Unknown
Ligne 388 : 429 (Too Many Requests) from TTS API. Probable cause: Unknown
Ligne 389 : 429 (Too Many Requests) from TTS API. Probable cause: Unknown
Ligne 390 : 429 (Too Many Requests) from TTS API. Probable cause: Unknown
Ligne 391 : 429 (Too Many Requests) from TTS API. Probable cause: Unknown
Ligne 392 : 429 (Too Many Requests) from TTS API. Probable cause: Unknown
Ligne 393 : 429 (Too Many Requests) from TTS API. Probable cause: Unknown
Ligne 394 : 429 (Too Many Requests) from TTS API. Probable cause: Unknown
Ligne 395 : 429 (Too Many Requests) from TTS API. Probable cause: Unknown
Ligne 396 : 429 (Too Many Requests) from TTS API. Probable cause: Unknown
Ligne 397 : 429 (Too Many Requests) from TTS API. Probable cause: Unknown
Ligne 398 : 429 (Too Many Requests) from TTS API. Probable cause: Unknown
Ligne 399 : 429 (Too Many Requests) from TTS API. Probable cause: Unknown
Ligne 400 : 429 (Too Many Requests) from TTS API. Probable cause: Unknown
Ligne 401 : 429 (Too Many Requests) from TTS API. Probable cause: Unknown
Ligne 402 : 429 (Too Many Requests) from TTS API. Probable cause: Unknown
Ligne 403 : 429 (Too Many Requests) from TTS API. Probable cause: Unknown
Ligne 404 : 429 (Too Many Requests) from TTS API. Probable cause: Unknown
Ligne 405 : 429 (Too Many Requests) from TTS API. Probable cause: Unknown
Ligne 406 : 429 (Too Many Requests) from TTS API. Probable cause: Unknown
Ligne 407 : 429 (Too Many Requests) from TTS API. Probable cause: Unknown
Ligne 408 : 429 (Too Many Requests) from TTS API. Probable cause: Unknown
Ligne 409 : 429 (Too Many Requests) from TTS API. Probable cause: Unknown
Ligne 410 : 429 (Too Many Requests) from TTS API. Probable cause: Unknown
Ligne 411 : 429 (Too Many Requests) from TTS API. Probable cause: Unknown
Ligne 412 : 429 (Too Many Requests) from TTS API. Probable cause: Unknown
Ligne 413 : 429 (Too Many Requests) from TTS API. Probable cause: Unknown
Ligne 414 : 429 (Too Many Requests) from TTS API. Probable cause: Unknown
Ligne 415 : 429 (Too Many Requests) from TTS API. Probable cause: Unknown
Ligne 416 : 429 (Too Many Requests) from TTS API. Probable cause: Unknown
Ligne 417 : 429 (Too Many Requests) from TTS API. Probable cause: Unknown
Ligne 418 : 429 (Too Many Requests) from TTS API. Probable cause: Unknown
Ligne 419 : 429 (Too Many Requests) from TTS API. Probable cause: Unknown
Ligne 420 : 429 (Too Many Requests) from TTS API. Probable cause: Unknown
Ligne 421 : 429 (Too Many Requests) from TTS API. Probable cause: Unknown
Ligne 422 : 429 (Too Many Requests) from TTS API. Probable cause: Unknown
Ligne 423 : 429 (Too Many Requests) from TTS API. Probable cause: Unknown
Ligne 424 : 429 (Too Many Requests) from TTS API. Probable cause: Unknown
Ligne 425 : 429 (Too Many Requests) from TTS API. Probable cause: Unknown
Ligne 426 : 429 (Too Many Requests) from TTS API. Probable cause: Unknown
Ligne 427 : 429 (Too Many Requests) from TTS API. Probable cause: Unknown
Ligne 428 : 429 (Too Many Requests) from TTS API. Probable cause: Unknown
Ligne 429 : 429 (Too Many Requests) from TTS API. Probable cause: Unknown
Ligne 430 : 429 (Too Many Requests) from TTS API. Probable cause: Unknown
Ligne 431 : 429 (Too Many Requests) from TTS API. Probable cause: Unknown
Ligne 432 : 429 (Too Many Requests) from TTS API. Probable cause: Unknown
Ligne 433 : 429 (Too Many Requests) from TTS API. Probable cause: Unknown
Ligne 434 : 429 (Too Many Requests) from TTS API. Probable cause: Unknown
Ligne 435 : 429 (Too Many Requests) from TTS API. Probable cause: Unknown
Ligne 436 : 429 (Too Many Requests) from TTS API. Probable cause: Unknown
Ligne 437 : 429 (Too Many Requests) from TTS API. Probable cause: Unknown
Ligne 438 : 429 (Too Many Requests) from TTS API. Probable cause: Unknown
Ligne 439 : 429 (Too Many Requests) from TTS API. Probable cause: Unknown
Ligne 440 : 429 (Too Many Requests) from TTS API. Probable cause: Unknown
Ligne 441 : 429 (Too Many Requests) from TTS API. Probable cause: Unknown
Ligne 442 : 429 (Too Many Requests) from TTS API. Probable cause: Unknown
Ligne 443 : 429 (Too Many Requests) from TTS API. Probable cause: Unknown
Ligne 444 : 429 (Too Many Requests) from TTS API. Probable cause: Unknown
Ligne 445 : 429 (Too Many Requests) from TTS API. Probable cause: Unknown
Ligne 446 : 429 (Too Many Requests) from TTS API. Probable cause: Unknown
Ligne 447 : 429 (Too Many Requests) from TTS API. Probable cause: Unknown
Ligne 448 : 429 (Too Many Requests) from TTS API. Probable cause: Unknown
Ligne 449 : 429 (Too Many Requests) from TTS API. Probable cause: Unknown
Ligne 450 : 429 (Too Many Requests) from TTS API. Probable cause: Unknown
Ligne 451 : 429 (Too Many Requests) from TTS API. Probable cause: Unknown
Ligne 452 : 429 (Too Many Requests) from TTS API. Probable cause: Unknown
Ligne 453 : 429 (Too Many Requests) from TTS API. Probable cause: Unknown
Ligne 454 : 429 (Too Many Requests) from TTS API. Probable cause: Unknown
Ligne 455 : 429 (Too Many Requests) from TTS API. Probable cause: Unknown
Ligne 456 : 429 (Too Many Requests) from TTS API. Probable cause: Unknown
Ligne 457 : 429 (Too Many Requests) from TTS API. Probable cause: Unknown
Ligne 458 : 429 (Too Many Requests) from TTS API. Probable cause: Unknown
Ligne 459 : 429 (Too Many Requests) from TTS API. Probable cause: Unknown
Ligne 460 : 429 (Too Many Requests) from TTS API. Probable cause: Unknown
Ligne 461 : 429 (Too Many Requests) from TTS API. Probable cause: Unknown
Ligne 462 : 429 (Too Many Requests) from TTS API. Probable cause: Unknown
Ligne 463 : 429 (Too Many Requests) from TTS API. Probable cause: Unknown
Ligne 464 : 429 (Too Many Requests) from TTS API. Probable cause: Unknown
Ligne 465 : 429 (Too Many Requests) from TTS API. Probable cause: Unknown
Ligne 466 : 429 (Too Many Requests) from TTS API. Probable cause: Unknown
Ligne 467 : 429 (Too Many Requests) from TTS API. Probable cause: Unknown
Ligne 468 : 429 (Too Many Requests) from TTS API. Probable cause: Unknown
Ligne 469 : 429 (Too Many Requests) from TTS API. Probable cause: Unknown
Ligne 470 : 429 (Too Many Requests) from TTS API. Probable cause: Unknown
Ligne 471 : 429 (Too Many Requests) from TTS API. Probable cause: Unknown
Ligne 472 : 429 (Too Many Requests) from TTS API. Probable cause: Unknown
Ligne 473 : 429 (Too Many Requests) from TTS API. Probable cause: Unknown
Ligne 474 : 429 (Too Many Requests) from TTS API. Probable cause: Unknown
Ligne 475 : 429 (Too Many Requests) from TTS API. Probable cause: Unknown
Ligne 476 : 429 (Too Many Requests) from TTS API. Probable cause: Unknown
Ligne 477 : 429 (Too Many Requests) from TTS API. Probable cause: Unknown
Ligne 478 : 429 (Too Many Requests) from TTS API. Probable cause: Unknown
Ligne 479 : 429 (Too Many Requests) from TTS API. Probable cause: Unknown
Ligne 480 : 429 (Too Many Requests) from TTS API. Probable cause: Unknown
Ligne 481 : 429 (Too Many Requests) from TTS API. Probable cause: Unknown
Ligne 482 : 429 (Too Many Requests) from TTS API. Probable cause: Unknown
Ligne 483 : 429 (Too Many Requests) from TTS API. Probable cause: Unknown
Ligne 484 : 429 (Too Many Requests) from TTS API. Probable cause: Unknown
Ligne 485 : 429 (Too Many Requests) from TTS API. Probable cause: Unknown
Ligne 486 : 429 (Too Many Requests) from TTS API. Probable cause: Unknown
Ligne 487 : 429 (Too Many Requests) from TTS API. Probable cause: Unknown
Ligne 488 : 429 (Too Many Requests) from TTS API. Probable cause: Unknown
Ligne 489 : 429 (Too Many Requests) from TTS API. Probable cause: Unknown
Ligne 490 : 429 (Too Many Requests) from TTS API. Probable cause: Unknown
Ligne 491 : 429 (Too Many Requests) from TTS API. Probable cause: Unknown
Ligne 492 : 429 (Too Many Requests) from TTS API. Probable cause: Unknown
Ligne 493 : 429 (Too Many Requests) from TTS API. Probable cause: Unknown
Ligne 494 : 429 (Too Many Requests) from TTS API. Probable cause: Unknown
Ligne 495 : 429 (Too Many Requests) from TTS API. Probable cause: Unknown
Ligne 496 : 429 (Too Many Requests) from TTS API. Probable cause: Unknown
Ligne 497 : 429 (Too Many Requests) from TTS API. Probable cause: Unknown
Ligne 498 : 429 (Too Many Requests) from TTS API. Probable cause: Unknown
Ligne 499 : 429 (Too Many Requests) from TTS API. Probable cause: Unknown
Ligne 500 : 429 (Too Many Requests) from TTS API. Probable cause: Unknown
Ligne 501 : 429 (Too Many Requests) from TTS API. Probable cause: Unknown
Ligne 502 : 429 (Too Many Requests) from TTS API. Probable cause: Unknown
Ligne 503 : 429 (Too Many Requests) from TTS API. Probable cause: Unknown
Ligne 504 : 429 (Too Many Requests) from TTS API. Probable cause: Unknown
Ligne 505 : 429 (Too Many Requests) from TTS API. Probable cause: Unknown
Ligne 506 : 429 (Too Many Requests) from TTS API. Probable cause: Unknown
Ligne 507 : 429 (Too Many Requests) from TTS API. Probable cause: Unknown
Ligne 508 : 429 (Too Many Requests) from TTS API. Probable cause: Unknown
Ligne 509 : 429 (Too Many Requests) from TTS API. Probable cause: Unknown
Ligne 510 : 429 (Too Many Requests) from TTS API. Probable cause: Unknown
Ligne 511 : 429 (Too Many Requests) from TTS API. Probable cause: Unknown
Ligne 512 : 429 (Too Many Requests) from TTS API. Probable cause: Unknown
Ligne 513 : 429 (Too Many Requests) from TTS API. Probable cause: Unknown
Ligne 514 : 429 (Too Many Requests) from TTS API. Probable cause: Unknown
Ligne 515 : 429 (Too Many Requests) from TTS API. Probable cause: Unknown
Ligne 516 : 429 (Too Many Requests) from TTS API. Probable cause: Unknown
Ligne 517 : 429 (Too Many Requests) from TTS API. Probable cause: Unknown
Ligne 518 : 429 (Too Many Requests) from TTS API. Probable cause: Unknown
Ligne 519 : 429 (Too Many Requests) from TTS API. Probable cause: Unknown
Ligne 520 : 429 (Too Many Requests) from TTS API. Probable cause: Unknown
Ligne 521 : 429 (Too Many Requests) from TTS API. Probable cause: Unknown
Ligne 522 : 429 (Too Many Requests) from TTS API. Probable cause: Unknown
Ligne 523 : 429 (Too Many Requests) from TTS API. Probable cause: Unknown
Ligne 524 : 429 (Too Many Requests) from TTS API. Probable cause: Unknown
Ligne 525 : 429 (Too Many Requests) from TTS API. Probable cause: Unknown
Ligne 526 : 429 (Too Many Requests) from TTS API. Probable cause: Unknown
Ligne 527 : 429 (Too Many Requests) from TTS API. Probable cause: Unknown
Ligne 528 : 429 (Too Many Requests) from TTS API. Probable cause: Unknown
Ligne 529 : 429 (Too Many Requests) from TTS API. Probable cause: Unknown
Ligne 530 : 429 (Too Many Requests) from TTS API. Probable cause: Unknown
Ligne 531 : 429 (Too Many Requests) from TTS API. Probable cause: Unknown
Ligne 532 : 429 (Too Many Requests) from TTS API. Probable cause: Unknown
Ligne 533 : 429 (Too Many Requests) from TTS API. Probable cause: Unknown
Ligne 534 : 429 (Too Many Requests) from TTS API. Probable cause: Unknown
Ligne 535 : 429 (Too Many Requests) from TTS API. Probable cause: Unknown
Ligne 536 : 429 (Too Many Requests) from TTS API. Probable cause: Unknown
Ligne 537 : 429 (Too Many Requests) from TTS API. Probable cause: Unknown
Ligne 538 : 429 (Too Many Requests) from TTS API. Probable cause: Unknown
Ligne 539 : 429 (Too Many Requests) from TTS API. Probable cause: Unknown
Ligne 540 : 429 (Too Many Requests) from TTS API. Probable cause: Unknown
Ligne 541 : 429 (Too Many Requests) from TTS API. Probable cause: Unknown
Ligne 542 : 429 (Too Many Requests) from TTS API. Probable cause: Unknown
Ligne 543 : 429 (Too Many Requests) from TTS API. Probable cause: Unknown
Ligne 544 : 429 (Too Many Requests) from TTS API. Probable cause: Unknown
Ligne 545 : 429 (Too Many Requests) from TTS API. Probable cause: Unknown
Ligne 546 : 429 (Too Many Requests) from TTS API. Probable cause: Unknown
Ligne 547 : 429 (Too Many Requests) from TTS API. Probable cause: Unknown
Ligne 548 : 429 (Too Many Requests) from TTS API. Probable cause: Unknown
Ligne 549 : 429 (Too Many Requests) from TTS API. Probable cause: Unknown
Ligne 550 : 429 (Too Many Requests) from TTS API. Probable cause: Unknown
Ligne 551 : 429 (Too Many Requests) from TTS API. Probable cause: Unknown
Ligne 552 : 429 (Too Many Requests) from TTS API. Probable cause: Unknown
Ligne 553 : 429 (Too Many Requests) from TTS API. Probable cause: Unknown
Ligne 554 : 429 (Too Many Requests) from TTS API. Probable cause: Unknown
Ligne 555 : 429 (Too Many Requests) from TTS API. Probable cause: Unknown
Ligne 556 : 429 (Too Many Requests) from TTS API. Probable cause: Unknown
Ligne 557 : 429 (Too Many Requests) from TTS API. Probable cause: Unknown
Ligne 558 : 429 (Too Many Requests) from TTS API. Probable cause: Unknown
Ligne 559 : 429 (Too Many Requests) from TTS API. Probable cause: Unknown
Ligne 560 : 429 (Too Many Requests) from TTS API. Probable cause: Unknown
Ligne 561 : 429 (Too Many Requests) from TTS API. Probable cause: Unknown
Ligne 562 : 429 (Too Many Requests) from TTS API. Probable cause: Unknown
Ligne 563 : 429 (Too Many Requests) from TTS API. Probable cause: Unknown
Ligne 564 : 429 (Too Many Requests) from TTS API. Probable cause: Unknown
Ligne 565 : 429 (Too Many Requests) from TTS API. Probable cause: Unknown
Ligne 566 : 429 (Too Many Requests) from TTS API. Probable cause: Unknown
Ligne 567 : 429 (Too Many Requests) from TTS API. Probable cause: Unknown
Ligne 568 : 429 (Too Many Requests) from TTS API. Probable cause: Unknown
Ligne 569 : 429 (Too Many Requests) from TTS API. Probable cause: Unknown
Ligne 570 : 429 (Too Many Requests) from TTS API. Probable cause: Unknown
Ligne 571 : 429 (Too Many Requests) from TTS API. Probable cause: Unknown
Ligne 572 : 429 (Too Many Requests) from TTS API. Probable cause: Unknown
Ligne 573 : 429 (Too Many Requests) from TTS API. Probable cause: Unknown
Ligne 574 : 429 (Too Many Requests) from TTS API. Probable cause: Unknown
Ligne 575 : 429 (Too Many Requests) from TTS API. Probable cause: Unknown
Ligne 576 : 429 (Too Many Requests) from TTS API. Probable cause: Unknown
Ligne 577 : 429 (Too Many Requests) from TTS API. Probable cause: Unknown
Ligne 578 : 429 (Too Many Requests) from TTS API. Probable cause: Unknown
Ligne 579 : 429 (Too Many Requests) from TTS API. Probable cause: Unknown
Ligne 580 : 429 (Too Many Requests) from TTS API. Probable cause: Unknown
Ligne 581 : 429 (Too Many Requests) from TTS API. Probable cause: Unknown
Ligne 582 : 429 (Too Many Requests) from TTS API. Probable cause: Unknown
Ligne 583 : 429 (Too Many Requests) from TTS API. Probable cause: Unknown
Ligne 584 : 429 (Too Many Requests) from TTS API. Probable cause: Unknown
Ligne 585 : 429 (Too Many Requests) from TTS API. Probable cause: Unknown
Ligne 586 : 429 (Too Many Requests) from TTS API. Probable cause: Unknown
Ligne 587 : 429 (Too Many Requests) from TTS API. Probable cause: Unknown
Ligne 588 : 429 (Too Many Requests) from TTS API. Probable cause: Unknown
Ligne 589 : 429 (Too Many Requests) from TTS API. Probable cause: Unknown
Ligne 590 : 429 (Too Many Requests) from TTS API. Probable cause: Unknown
Ligne 591 : 429 (Too Many Requests) from TTS API. Probable cause: Unknown
Ligne 592 : 429 (Too Many Requests) from TTS API. Probable cause: Unknown
Ligne 593 : 429 (Too Many Requests) from TTS API. Probable cause: Unknown
Ligne 594 : 429 (Too Many Requests) from TTS API. Probable cause: Unknown
Ligne 595 : 429 (Too Many Requests) from TTS API. Probable cause: Unknown
Ligne 596 : 429 (Too Many Requests) from TTS API. Probable cause: Unknown
Ligne 597 : 429 (Too Many Requests) from TTS API. Probable cause: Unknown
Ligne 598 : 429 (Too Many Requests) from TTS API. Probable cause: Unknown
Ligne 599 : 429 (Too Many Requests) from TTS API. Probable cause: Unknown
Ligne 600 : 429 (Too Many Requests) from TTS API. Probable cause: Unknown
Ligne 601 : 429 (Too Many Requests) from TTS API. Probable cause: Unknown
Ligne 602 : 429 (Too Many Requests) from TTS API. Probable cause: Unknown
Ligne 603 : 429 (Too Many Requests) from TTS API. Probable cause: Unknown
Ligne 604 : 429 (Too Many Requests) from TTS API. Probable cause: Unknown
Ligne 605 : 429 (Too Many Requests) from TTS API. Probable cause: Unknown
Ligne 606 : 429 (Too Many Requests) from TTS API. Probable cause: Unknown
Ligne 607 : 429 (Too Many Requests) from TTS API. Probable cause: Unknown
Ligne 608 : 429 (Too Many Requests) from TTS API. Probable cause: Unknown
Ligne 609 : 429 (Too Many Requests) from TTS API. Probable cause: Unknown
Ligne 610 : 429 (Too Many Requests) from TTS API. Probable cause: Unknown
Ligne 611 : 429 (Too Many Requests) from TTS API. Probable cause: Unknown
Ligne 612 : 429 (Too Many Requests) from TTS API. Probable cause: Unknown
Ligne 613 : 429 (Too Many Requests) from TTS API. Probable cause: Unknown
Ligne 614 : 429 (Too Many Requests) from TTS API. Probable cause: Unknown
Ligne 615 : 429 (Too Many Requests) from TTS API. Probable cause: Unknown
Ligne 616 : 429 (Too Many Requests) from TTS API. Probable cause: Unknown
Ligne 617 : 429 (Too Many Requests) from TTS API. Probable cause: Unknown
Ligne 618 : 429 (Too Many Requests) from TTS API. Probable cause: Unknown
Ligne 619 : 429 (Too Many Requests) from TTS API. Probable cause: Unknown
Ligne 620 : 429 (Too Many Requests) from TTS API. Probable cause: Unknown
Ligne 621 : 429 (Too Many Requests) from TTS API. Probable cause: Unknown
Ligne 622 : 429 (Too Many Requests) from TTS API. Probable cause: Unknown
Ligne 623 : 429 (Too Many Requests) from TTS API. Probable cause: Unknown
Ligne 624 : 429 (Too Many Requests) from TTS API. Probable cause: Unknown
Ligne 625 : 429 (Too Many Requests) from TTS API. Probable cause: Unknown
Ligne 626 : 429 (Too Many Requests) from TTS API. Probable cause: Unknown
Ligne 627 : 429 (Too Many Requests) from TTS API. Probable cause: Unknown
Ligne 628 : 429 (Too Many Requests) from TTS API. Probable cause: Unknown
Ligne 629 : 429 (Too Many Requests) from TTS API. Probable cause: Unknown
Ligne 630 : 429 (Too Many Requests) from TTS API. Probable cause: Unknown
Ligne 631 : 429 (Too Many Requests) from TTS API. Probable cause: Unknown
Ligne 632 : 429 (Too Many Requests) from TTS API. Probable cause: Unknown
Ligne 633 : 429 (Too Many Requests) from TTS API. Probable cause: Unknown
Ligne 634 : 429 (Too Many Requests) from TTS API. Probable cause: Unknown
Ligne 635 : 429 (Too Many Requests) from TTS API. Probable cause: Unknown
Ligne 636 : 429 (Too Many Requests) from TTS API. Probable cause: Unknown
Ligne 637 : 429 (Too Many Requests) from TTS API. Probable cause: Unknown
Ligne 638 : 429 (Too Many Requests) from TTS API. Probable cause: Unknown
Ligne 639 : 429 (Too Many Requests) from TTS API. Probable cause: Unknown
Ligne 640 : 429 (Too Many Requests) from TTS API. Probable cause: Unknown
Ligne 641 : 429 (Too Many Requests) from TTS API. Probable cause: Unknown
Ligne 642 : 429 (Too Many Requests) from TTS API. Probable cause: Unknown
Ligne 643 : 429 (Too Many Requests) from TTS API. Probable cause: Unknown
Ligne 644 : 429 (Too Many Requests) from TTS API. Probable cause: Unknown
Ligne 645 : 429 (Too Many Requests) from TTS API. Probable cause: Unknown
Ligne 646 : 429 (Too Many Requests) from TTS API. Probable cause: Unknown
Ligne 647 : 429 (Too Many Requests) from TTS API. Probable cause: Unknown
Ligne 648 : 429 (Too Many Requests) from TTS API. Probable cause: Unknown
Ligne 649 : 429 (Too Many Requests) from TTS API. Probable cause: Unknown
Ligne 650 : 429 (Too Many Requests) from TTS API. Probable cause: Unknown
Ligne 651 : 429 (Too Many Requests) from TTS API. Probable cause: Unknown
Ligne 652 : 429 (Too Many Requests) from TTS API. Probable cause: Unknown
Ligne 653 : 429 (Too Many Requests) from TTS API. Probable cause: Unknown
Ligne 654 : 429 (Too Many Requests) from TTS API. Probable cause: Unknown
Ligne 655 : 429 (Too Many Requests) from TTS API. Probable cause: Unknown
Ligne 656 : 429 (Too Many Requests) from TTS API. Probable cause: Unknown
Ligne 657 : 429 (Too Many Requests) from TTS API. Probable cause: Unknown
Ligne 658 : 429 (Too Many Requests) from TTS API. Probable cause: Unknown
Ligne 659 : 429 (Too Many Requests) from TTS API. Probable cause: Unknown
Ligne 660 : 429 (Too Many Requests) from TTS API. Probable cause: Unknown
Ligne 661 : 429 (Too Many Requests) from TTS API. Probable cause: Unknown
Ligne 662 : 429 (Too Many Requests) from TTS API. Probable cause: Unknown
Ligne 663 : 429 (Too Many Requests) from TTS API. Probable cause: Unknown
Ligne 664 : 429 (Too Many Requests) from TTS API. Probable cause: Unknown
Ligne 665 : 429 (Too Many Requests) from TTS API. Probable cause: Unknown
Ligne 666 : 429 (Too Many Requests) from TTS API. Probable cause: Unknown
Ligne 667 : 429 (Too Many Requests) from TTS API. Probable cause: Unknown
Ligne 668 : 429 (Too Many Requests) from TTS API. Probable cause: Unknown
Ligne 669 : 429 (Too Many Requests) from TTS API. Probable cause: Unknown
Ligne 670 : 429 (Too Many Requests) from TTS API. Probable cause: Unknown
Ligne 671 : 429 (Too Many Requests) from TTS API. Probable cause: Unknown
Ligne 672 : 429 (Too Many Requests) from TTS API. Probable cause: Unknown
Ligne 673 : 429 (Too Many Requests) from TTS API. Probable cause: Unknown
Ligne 674 : 429 (Too Many Requests) from TTS API. Probable cause: Unknown
Ligne 675 : 429 (Too Many Requests) from TTS API. Probable cause: Unknown
Ligne 676 : 429 (Too Many Requests) from TTS API. Probable cause: Unknown
Ligne 677 : 429 (Too Many Requests) from TTS API. Probable cause: Unknown
Ligne 678 : 429 (Too Many Requests) from TTS API. Probable cause: Unknown
Ligne 679 : 429 (Too Many Requests) from TTS API. Probable cause: Unknown
Ligne 680 : 429 (Too Many Requests) from TTS API. Probable cause: Unknown
Ligne 681 : 429 (Too Many Requests) from TTS API. Probable cause: Unknown
Ligne 682 : 429 (Too Many Requests) from TTS API. Probable cause: Unknown
Ligne 683 : 429 (Too Many Requests) from TTS API. Probable cause: Unknown
Ligne 684 : 429 (Too Many Requests) from TTS API. Probable cause: Unknown
Ligne 685 : 429 (Too Many Requests) from TTS API. Probable cause: Unknown
Ligne 686 : 429 (Too Many Requests) from TTS API. Probable cause: Unknown
Ligne 687 : 429 (Too Many Requests) from TTS API. Probable cause: Unknown
Ligne 688 : 429 (Too Many Requests) from TTS API. Probable cause: Unknown
Ligne 689 : 429 (Too Many Requests) from TTS API. Probable cause: Unknown
Ligne 690 : 429 (Too Many Requests) from TTS API. Probable cause: Unknown
Ligne 691 : 429 (Too Many Requests) from TTS API. Probable cause: Unknown
Ligne 692 : 429 (Too Many Requests) from TTS API. Probable cause: Unknown
Ligne 693 : 429 (Too Many Requests) from TTS API. Probable cause: Unknown
Ligne 694 : 429 (Too Many Requests) from TTS API. Probable cause: Unknown
Ligne 695 : 429 (Too Many Requests) from TTS API. Probable cause: Unknown
Ligne 696 : 429 (Too Many Requests) from TTS API. Probable cause: Unknown
Ligne 697 : 429 (Too Many Requests) from TTS API. Probable cause: Unknown
Ligne 698 : 429 (Too Many Requests) from TTS API. Probable cause: Unknown
Ligne 699 : 429 (Too Many Requests) from TTS API. Probable cause: Unknown
Ligne 700 : 429 (Too Many Requests) from TTS API. Probable cause: Unknown
Ligne 701 : 429 (Too Many Requests) from TTS API. Probable cause: Unknown
Ligne 702 : 429 (Too Many Requests) from TTS API. Probable cause: Unknown
Ligne 703 : 429 (Too Many Requests) from TTS API. Probable cause: Unknown
Ligne 704 : 429 (Too Many Requests) from TTS API. Probable cause: Unknown
Ligne 705 : 429 (Too Many Requests) from TTS API. Probable cause: Unknown
Ligne 706 : 429 (Too Many Requests) from TTS API. Probable cause: Unknown
Ligne 707 : 429 (Too Many Requests) from TTS API. Probable cause: Unknown
Ligne 708 : 429 (Too Many Requests) from TTS API. Probable cause: Unknown
Ligne 709 : 429 (Too Many Requests) from TTS API. Probable cause: Unknown
Ligne 710 : 429 (Too Many Requests) from TTS API. Probable cause: Unknown
Ligne 711 : 429 (Too Many Requests) from TTS API. Probable cause: Unknown
Ligne 712 : 429 (Too Many Requests) from TTS API. Probable cause: Unknown
Ligne 713 : 429 (Too Many Requests) from TTS API. Probable cause: Unknown
Ligne 714 : 429 (Too Many Requests) from TTS API. Probable cause: Unknown
Ligne 715 : 429 (Too Many Requests) from TTS API. Probable cause: Unknown
Ligne 716 : 429 (Too Many Requests) from TTS API. Probable cause: Unknown
Ligne 717 : 429 (Too Many Requests) from TTS API. Probable cause: Unknown
Ligne 718 : 429 (Too Many Requests) from TTS API. Probable cause: Unknown
Ligne 719 : 429 (Too Many Requests) from TTS API. Probable cause: Unknown
Ligne 720 : 429 (Too Many Requests) from TTS API. Probable cause: Unknown
Ligne 721 : 429 (Too Many Requests) from TTS API. Probable cause: Unknown
Ligne 722 : 429 (Too Many Requests) from TTS API. Probable cause: Unknown
Ligne 723 : 429 (Too Many Requests) from TTS API. Probable cause: Unknown
Ligne 724 : 429 (Too Many Requests) from TTS API. Probable cause: Unknown
Ligne 725 : 429 (Too Many Requests) from TTS API. Probable cause: Unknown
Ligne 726 : 429 (Too Many Requests) from TTS API. Probable cause: Unknown
Ligne 727 : 429 (Too Many Requests) from TTS API. Probable cause: Unknown
Ligne 728 : 429 (Too Many Requests) from TTS API. Probable cause: Unknown
Ligne 729 : 429 (Too Many Requests) from TTS API. Probable cause: Unknown
Ligne 730 : 429 (Too Many Requests) from TTS API. Probable cause: Unknown
Ligne 731 : 429 (Too Many Requests) from TTS API. Probable cause: Unknown
Ligne 732 : 429 (Too Many Requests) from TTS API. Probable cause: Unknown
Ligne 733 : 429 (Too Many Requests) from TTS API. Probable cause: Unknown
Ligne 734 : 429 (Too Many Requests) from TTS API. Probable cause: Unknown
Ligne 735 : 429 (Too Many Requests) from TTS API. Probable cause: Unknown
Ligne 736 : 429 (Too Many Requests) from TTS API. Probable cause: Unknown
Ligne 737 : 429 (Too Many Requests) from TTS API. Probable cause: Unknown
Ligne 738 : 429 (Too Many Requests) from TTS API. Probable cause: Unknown
Ligne 739 : 429 (Too Many Requests) from TTS API. Probable cause: Unknown
Ligne 740 : 429 (Too Many Requests) from TTS API. Probable cause: Unknown
Ligne 741 : 429 (Too Many Requests) from TTS API. Probable cause: Unknown
Ligne 742 : 429 (Too Many Requests) from TTS API. Probable cause: Unknown
Ligne 743 : 429 (Too Many Requests) from TTS API. Probable cause: Unknown
Ligne 744 : 429 (Too Many Requests) from TTS API. Probable cause: Unknown
Ligne 745 : 429 (Too Many Requests) from TTS API. Probable cause: Unknown
Ligne 746 : 429 (Too Many Requests) from TTS API. Probable cause: Unknown
Ligne 747 : 429 (Too Many Requests) from TTS API. Probable cause: Unknown
Ligne 748 : 429 (Too Many Requests) from TTS API. Probable cause: Unknown
Ligne 749 : 429 (Too Many Requests) from TTS API. Probable cause: Unknown
Ligne 750 : 429 (Too Many Requests) from TTS API. Probable cause: Unknown
Ligne 751 : 429 (Too Many Requests) from TTS API. Probable cause: Unknown
Ligne 752 : 429 (Too Many Requests) from TTS API. Probable cause: Unknown
Ligne 753 : 429 (Too Many Requests) from TTS API. Probable cause: Unknown
Ligne 754 : 429 (Too Many Requests) from TTS API. Probable cause: Unknown
Ligne 755 : 429 (Too Many Requests) from TTS API. Probable cause: Unknown
Ligne 756 : 429 (Too Many Requests) from TTS API. Probable cause: Unknown
Ligne 757 : 429 (Too Many Requests) from TTS API. Probable cause: Unknown
Ligne 758 : 429 (Too Many Requests) from TTS API. Probable cause: Unknown
Ligne 759 : 429 (Too Many Requests) from TTS API. Probable cause: Unknown
Ligne 760 : 429 (Too Many Requests) from TTS API. Probable cause: Unknown
Ligne 761 : 429 (Too Many Requests) from TTS API. Probable cause: Unknown
Ligne 762 : 429 (Too Many Requests) from TTS API. Probable cause: Unknown
Ligne 763 : 429 (Too Many Requests) from TTS API. Probable cause: Unknown
Ligne 764 : 429 (Too Many Requests) from TTS API. Probable cause: Unknown
Ligne 765 : 429 (Too Many Requests) from TTS API. Probable cause: Unknown
Ligne 766 : 429 (Too Many Requests) from TTS API. Probable cause: Unknown
Ligne 767 : 429 (Too Many Requests) from TTS API. Probable cause: Unknown
Ligne 768 : 429 (Too Many Requests) from TTS API. Probable cause: Unknown
Ligne 769 : 429 (Too Many Requests) from TTS API. Probable cause: Unknown
Ligne 770 : 429 (Too Many Requests) from TTS API. Probable cause: Unknown
Ligne 771 : 429 (Too Many Requests) from TTS API. Probable cause: Unknown
Ligne 772 : 429 (Too Many Requests) from TTS API. Probable cause: Unknown
Ligne 773 : 429 (Too Many Requests) from TTS API. Probable cause: Unknown
Ligne 774 : 429 (Too Many Requests) from TTS API. Probable cause: Unknown
Ligne 775 : 429 (Too Many Requests) from TTS API. Probable cause: Unknown
Ligne 776 : 429 (Too Many Requests) from TTS API. Probable cause: Unknown
Ligne 777 : 429 (Too Many Requests) from TTS API. Probable cause: Unknown
Ligne 778 : 429 (Too Many Requests) from TTS API. Probable cause: Unknown
Ligne 779 : 429 (Too Many Requests) from TTS API. Probable cause: Unknown
Ligne 780 : 429 (Too Many Requests) from TTS API. Probable cause: Unknown
Ligne 781 : 429 (Too Many Requests) from TTS API. Probable cause: Unknown
Ligne 782 : 429 (Too Many Requests) from TTS API. Probable cause: Unknown
Ligne 783 : 429 (Too Many Requests) from TTS API. Probable cause: Unknown
Ligne 784 : 429 (Too Many Requests) from TTS API. Probable cause: Unknown
Ligne 785 : 429 (Too Many Requests) from TTS API. Probable cause: Unknown
Ligne 786 : 429 (Too Many Requests) from TTS API. Probable cause: Unknown
Ligne 787 : 429 (Too Many Requests) from TTS API. Probable cause: Unknown
Ligne 788 : 429 (Too Many Requests) from TTS API. Probable cause: Unknown
Ligne 789 : 429 (Too Many Requests) from TTS API. Probable cause: Unknown
Ligne 790 : 429 (Too Many Requests) from TTS API. Probable cause: Unknown
Ligne 791 : 429 (Too Many Requests) from TTS API. Probable cause: Unknown
Ligne 792 : 429 (Too Many Requests) from TTS API. Probable cause: Unknown
Ligne 793 : 429 (Too Many Requests) from TTS API. Probable cause: Unknown
Ligne 794 : 429 (Too Many Requests) from TTS API. Probable cause: Unknown
Ligne 795 : 429 (Too Many Requests) from TTS API. Probable cause: Unknown
Ligne 796 : 429 (Too Many Requests) from TTS API. Probable cause: Unknown
Ligne 797 : 429 (Too Many Requests) from TTS API. Probable cause: Unknown
Ligne 798 : 429 (Too Many Requests) from TTS API. Probable cause: Unknown
Ligne 799 : 429 (Too Many Requests) from TTS API. Probable cause: Unknown
Ligne 800 : 429 (Too Many Requests) from TTS API. Probable cause: Unknown
Ligne 801 : 429 (Too Many Requests) from TTS API. Probable cause: Unknown
Ligne 802 : 429 (Too Many Requests) from TTS API. Probable cause: Unknown
Ligne 803 : 429 (Too Many Requests) from TTS API. Probable cause: Unknown
Ligne 804 : 429 (Too Many Requests) from TTS API. Probable cause: Unknown
Ligne 805 : 429 (Too Many Requests) from TTS API. Probable cause: Unknown
Ligne 806 : 429 (Too Many Requests) from TTS API. Probable cause: Unknown
Ligne 807 : 429 (Too Many Requests) from TTS API. Probable cause: Unknown
Ligne 808 : 429 (Too Many Requests) from TTS API. Probable cause: Unknown
Ligne 809 : 429 (Too Many Requests) from TTS API. Probable cause: Unknown
Ligne 810 : 429 (Too Many Requests) from TTS API. Probable cause: Unknown
Ligne 811 : 429 (Too Many Requests) from TTS API. Probable cause: Unknown
Ligne 812 : 429 (Too Many Requests) from TTS API. Probable cause: Unknown
Ligne 813 : 429 (Too Many Requests) from TTS API. Probable cause: Unknown
Ligne 814 : 429 (Too Many Requests) from TTS API. Probable cause: Unknown
Ligne 815 : 429 (Too Many Requests) from TTS API. Probable cause: Unknown
Ligne 816 : 429 (Too Many Requests) from TTS API. Probable cause: Unknown
Ligne 817 : 429 (Too Many Requests) from TTS API. Probable cause: Unknown
Ligne 818 : 429 (Too Many Requests) from TTS API. Probable cause: Unknown
Ligne 819 : 429 (Too Many Requests) from TTS API. Probable cause: Unknown
Ligne 820 : 429 (Too Many Requests) from TTS API. Probable cause: Unknown
Ligne 821 : 429 (Too Many Requests) from TTS API. Probable cause: Unknown
Ligne 822 : 429 (Too Many Requests) from TTS API. Probable cause: Unknown
Ligne 823 : 429 (Too Many Requests) from TTS API. Probable cause: Unknown
Ligne 824 : 429 (Too Many Requests) from TTS API. Probable cause: Unknown
Ligne 825 : 429 (Too Many Requests) from TTS API. Probable cause: Unknown
Ligne 826 : 429 (Too Many Requests) from TTS API. Probable cause: Unknown
Ligne 827 : 429 (Too Many Requests) from TTS API. Probable cause: Unknown
Ligne 828 : 429 (Too Many Requests) from TTS API. Probable cause: Unknown
Ligne 829 : 429 (Too Many Requests) from TTS API. Probable cause: Unknown
Ligne 830 : 429 (Too Many Requests) from TTS API. Probable cause: Unknown
Ligne 831 : 429 (Too Many Requests) from TTS API. Probable cause: Unknown
Ligne 832 : 429 (Too Many Requests) from TTS API. Probable cause: Unknown
Ligne 833 : 429 (Too Many Requests) from TTS API. Probable cause: Unknown
Ligne 834 : 429 (Too Many Requests) from TTS API. Probable cause: Unknown
Ligne 835 : 429 (Too Many Requests) from TTS API. Probable cause: Unknown
Ligne 836 : 429 (Too Many Requests) from TTS API. Probable cause: Unknown
Ligne 837 : 429 (Too Many Requests) from TTS API. Probable cause: Unknown
Ligne 838 : 429 (Too Many Requests) from TTS API. Probable cause: Unknown
Ligne 839 : 429 (Too Many Requests) from TTS API. Probable cause: Unknown
Ligne 840 : 429 (Too Many Requests) from TTS API. Probable cause: Unknown
Ligne 841 : 429 (Too Many Requests) from TTS API. Probable cause: Unknown
Ligne 842 : 429 (Too Many Requests) from TTS API. Probable cause: Unknown
Ligne 843 : 429 (Too Many Requests) from TTS API. Probable cause: Unknown
Ligne 844 : 429 (Too Many Requests) from TTS API. Probable cause: Unknown
Ligne 845 : 429 (Too Many Requests) from TTS API. Probable cause: Unknown
Ligne 846 : 429 (Too Many Requests) from TTS API. Probable cause: Unknown
Ligne 847 : 429 (Too Many Requests) from TTS API. Probable cause: Unknown
Ligne 848 : 429 (Too Many Requests) from TTS API. Probable cause: Unknown
Ligne 849 : 429 (Too Many Requests) from TTS API. Probable cause: Unknown
Ligne 850 : 429 (Too Many Requests) from TTS API. Probable cause: Unknown
Ligne 851 : 429 (Too Many Requests) from TTS API. Probable cause: Unknown
Ligne 852 : 429 (Too Many Requests) from TTS API. Probable cause: Unknown
Ligne 853 : 429 (Too Many Requests) from TTS API. Probable cause: Unknown
Ligne 854 : 429 (Too Many Requests) from TTS API. Probable cause: Unknown
Ligne 855 : 429 (Too Many Requests) from TTS API. Probable cause: Unknown
Ligne 856 : 429 (Too Many Requests) from TTS API. Probable cause: Unknown
Ligne 857 : 429 (Too Many Requests) from TTS API. Probable cause: Unknown
Ligne 858 : 429 (Too Many Requests) from TTS API. Probable cause: Unknown
Ligne 859 : 429 (Too Many Requests) from TTS API. Probable cause: Unknown
Ligne 860 : 429 (Too Many Requests) from TTS API. Probable cause: Unknown
Ligne 861 : 429 (Too Many Requests) from TTS API. Probable cause: Unknown
Ligne 862 : 429 (Too Many Requests) from TTS API. Probable cause: Unknown
Ligne 863 : 429 (Too Many Requests) from TTS API. Probable cause: Unknown
Ligne 864 : 429 (Too Many Requests) from TTS API. Probable cause: Unknown
Ligne 865 : 429 (Too Many Requests) from TTS API. Probable cause: Unknown
Ligne 866 : 429 (Too Many Requests) from TTS API. Probable cause: Unknown
Ligne 867 : 429 (Too Many Requests) from TTS API. Probable cause: Unknown
Ligne 868 : 429 (Too Many Requests) from TTS API. Probable cause: Unknown
Ligne 869 : 429 (Too Many Requests) from TTS API. Probable cause: Unknown
Ligne 870 : 429 (Too Many Requests) from TTS API. Probable cause: Unknown
Ligne 871 : 429 (Too Many Requests) from TTS API. Probable cause: Unknown
Ligne 872 : 429 (Too Many Requests) from TTS API. Probable cause: Unknown
Ligne 873 : 429 (Too Many Requests) from TTS API. Probable cause: Unknown
Ligne 874 : 429 (Too Many Requests) from TTS API. Probable cause: Unknown
Ligne 875 : 429 (Too Many Requests) from TTS API. Probable cause: Unknown
Ligne 876 : 429 (Too Many Requests) from TTS API. Probable cause: Unknown
Ligne 877 : 429 (Too Many Requests) from TTS API. Probable cause: Unknown
Ligne 878 : 429 (Too Many Requests) from TTS API. Probable cause: Unknown
Ligne 879 : 429 (Too Many Requests) from TTS API. Probable cause: Unknown
Ligne 880 : 429 (Too Many Requests) from TTS API. Probable cause: Unknown
Ligne 881 : 429 (Too Many Requests) from TTS API. Probable cause: Unknown
Ligne 882 : 429 (Too Many Requests) from TTS API. Probable cause: Unknown
Ligne 883 : 429 (Too Many Requests) from TTS API. Probable cause: Unknown
Ligne 884 : 429 (Too Many Requests) from TTS API. Probable cause: Unknown
Ligne 885 : 429 (Too Many Requests) from TTS API. Probable cause: Unknown
Ligne 886 : 429 (Too Many Requests) from TTS API. Probable cause: Unknown
Ligne 887 : 429 (Too Many Requests) from TTS API. Probable cause: Unknown
Ligne 888 : 429 (Too Many Requests) from TTS API. Probable cause: Unknown
Ligne 889 : 429 (Too Many Requests) from TTS API. Probable cause: Unknown
Ligne 890 : 429 (Too Many Requests) from TTS API. Probable cause: Unknown
Ligne 891 : 429 (Too Many Requests) from TTS API. Probable cause: Unknown
Ligne 892 : 429 (Too Many Requests) from TTS API. Probable cause: Unknown
Ligne 893 : 429 (Too Many Requests) from TTS API. Probable cause: Unknown
Ligne 894 : 429 (Too Many Requests) from TTS API. Probable cause: Unknown
Ligne 895 : 429 (Too Many Requests) from TTS API. Probable cause: Unknown
Ligne 896 : 429 (Too Many Requests) from TTS API. Probable cause: Unknown
Ligne 897 : 429 (Too Many Requests) from TTS API. Probable cause: Unknown
Ligne 898 : 429 (Too Many Requests) from TTS API. Probable cause: Unknown
Ligne 899 : 429 (Too Many Requests) from TTS API. Probable cause: Unknown
Ligne 900 : 429 (Too Many Requests) from TTS API. Probable cause: Unknown
Ligne 901 : 429 (Too Many Requests) from TTS API. Probable cause: Unknown
Ligne 902 : 429 (Too Many Requests) from TTS API. Probable cause: Unknown
Ligne 903 : 429 (Too Many Requests) from TTS API. Probable cause: Unknown
Ligne 904 : 429 (Too Many Requests) from TTS API. Probable cause: Unknown
Ligne 905 : 429 (Too Many Requests) from TTS API. Probable cause: Unknown
Ligne 906 : 429 (Too Many Requests) from TTS API. Probable cause: Unknown
Ligne 907 : 429 (Too Many Requests) from TTS API. Probable cause: Unknown
Ligne 908 : 429 (Too Many Requests) from TTS API. Probable cause: Unknown
Ligne 909 : 429 (Too Many Requests) from TTS API. Probable cause: Unknown
Ligne 910 : 429 (Too Many Requests) from TTS API. Probable cause: Unknown
Ligne 911 : 429 (Too Many Requests) from TTS API. Probable cause: Unknown
Ligne 912 : 429 (Too Many Requests) from TTS API. Probable cause: Unknown
Ligne 913 : 429 (Too Many Requests) from TTS API. Probable cause: Unknown
Ligne 914 : 429 (Too Many Requests) from TTS API. Probable cause: Unknown
Ligne 915 : 429 (Too Many Requests) from TTS API. Probable cause: Unknown
Ligne 916 : 429 (Too Many Requests) from TTS API. Probable cause: Unknown
Ligne 917 : 429 (Too Many Requests) from TTS API. Probable cause: Unknown
Ligne 918 : 429 (Too Many Requests) from TTS API. Probable cause: Unknown
Ligne 919 : 429 (Too Many Requests) from TTS API. Probable cause: Unknown
Ligne 920 : 429 (Too Many Requests) from TTS API. Probable cause: Unknown
Ligne 921 : 429 (Too Many Requests) from TTS API. Probable cause: Unknown
Ligne 922 : 429 (Too Many Requests) from TTS API. Probable cause: Unknown
Ligne 923 : 429 (Too Many Requests) from TTS API. Probable cause: Unknown
Ligne 924 : 429 (Too Many Requests) from TTS API. Probable cause: Unknown
Ligne 925 : 429 (Too Many Requests) from TTS API. Probable cause: Unknown
Ligne 926 : 429 (Too Many Requests) from TTS API. Probable cause: Unknown
Ligne 927 : 429 (Too Many Requests) from TTS API. Probable cause: Unknown
Ligne 928 : 429 (Too Many Requests) from TTS API. Probable cause: Unknown
Ligne 929 : 429 (Too Many Requests) from TTS API. Probable cause: Unknown
Ligne 930 : 429 (Too Many Requests) from TTS API. Probable cause: Unknown
Ligne 931 : 429 (Too Many Requests) from TTS API. Probable cause: Unknown
Ligne 932 : 429 (Too Many Requests) from TTS API. Probable cause: Unknown
Ligne 933 : 429 (Too Many Requests) from TTS API. Probable cause: Unknown
Ligne 934 : 429 (Too Many Requests) from TTS API. Probable cause: Unknown
Ligne 935 : 429 (Too Many Requests) from TTS API. Probable cause: Unknown
Ligne 936 : 429 (Too Many Requests) from TTS API. Probable cause: Unknown
Ligne 937 : 429 (Too Many Requests) from TTS API. Probable cause: Unknown
Ligne 938 : 429 (Too Many Requests) from TTS API. Probable cause: Unknown
Ligne 939 : 429 (Too Many Requests) from TTS API. Probable cause: Unknown
Ligne 940 : 429 (Too Many Requests) from TTS API. Probable cause: Unknown
Ligne 941 : 429 (Too Many Requests) from TTS API. Probable cause: Unknown
Ligne 942 : 429 (Too Many Requests) from TTS API. Probable cause: Unknown
Ligne 943 : 429 (Too Many Requests) from TTS API. Probable cause: Unknown
Ligne 944 : 429 (Too Many Requests) from TTS API. Probable cause: Unknown
Ligne 945 : 429 (Too Many Requests) from TTS API. Probable cause: Unknown
Ligne 946 : 429 (Too Many Requests) from TTS API. Probable cause: Unknown
Ligne 947 : 429 (Too Many Requests) from TTS API. Probable cause: Unknown
Ligne 948 : 429 (Too Many Requests) from TTS API. Probable cause: Unknown
Ligne 949 : 429 (Too Many Requests) from TTS API. Probable cause: Unknown
Ligne 950 : 429 (Too Many Requests) from TTS API. Probable cause: Unknown
Ligne 951 : 429 (Too Many Requests) from TTS API. Probable cause: Unknown
Ligne 952 : 429 (Too Many Requests) from TTS API. Probable cause: Unknown
Ligne 953 : 429 (Too Many Requests) from TTS API. Probable cause: Unknown
Ligne 954 : 429 (Too Many Requests) from TTS API. Probable cause: Unknown
Ligne 955 : 429 (Too Many Requests) from TTS API. Probable cause: Unknown
Ligne 956 : 429 (Too Many Requests) from TTS API. Probable cause: Unknown
Ligne 957 : 429 (Too Many Requests) from TTS API. Probable cause: Unknown
Ligne 958 : 429 (Too Many Requests) from TTS API. Probable cause: Unknown
Ligne 959 : 429 (Too Many Requests) from TTS API. Probable cause: Unknown
Ligne 960 : 429 (Too Many Requests) from TTS API. Probable cause: Unknown
Ligne 961 : 429 (Too Many Requests) from TTS API. Probable cause: Unknown
Ligne 962 : 429 (Too Many Requests) from TTS API. Probable cause: Unknown
Ligne 963 : 429 (Too Many Requests) from TTS API. Probable cause: Unknown
Ligne 964 : 429 (Too Many Requests) from TTS API. Probable cause: Unknown
Ligne 965 : 429 (Too Many Requests) from TTS API. Probable cause: Unknown
Ligne 966 : 429 (Too Many Requests) from TTS API. Probable cause: Unknown
Ligne 967 : 429 (Too Many Requests) from TTS API. Probable cause: Unknown
Ligne 968 : 429 (Too Many Requests) from TTS API. Probable cause: Unknown
Ligne 969 : 429 (Too Many Requests) from TTS API. Probable cause: Unknown
Ligne 970 : 429 (Too Many Requests) from TTS API. Probable cause: Unknown
Ligne 971 : 429 (Too Many Requests) from TTS API. Probable cause: Unknown
Ligne 972 : 429 (Too Many Requests) from TTS API. Probable cause: Unknown
Ligne 973 : 429 (Too Many Requests) from TTS API. Probable cause: Unknown
Ligne 974 : 429 (Too Many Requests) from TTS API. Probable cause: Unknown
Ligne 975 : 429 (Too Many Requests) from TTS API. Probable cause: Unknown
Ligne 976 : 429 (Too Many Requests) from TTS API. Probable cause: Unknown
Ligne 977 : 429 (Too Many Requests) from TTS API. Probable cause: Unknown
Ligne 978 : 429 (Too Many Requests) from TTS API. Probable cause: Unknown
Ligne 979 : 429 (Too Many Requests) from TTS API. Probable cause: Unknown
Ligne 980 : 429 (Too Many Requests) from TTS API. Probable cause: Unknown
Ligne 981 : 429 (Too Many Requests) from TTS API. Probable cause: Unknown
Ligne 982 : 429 (Too Many Requests) from TTS API. Probable cause: Unknown
Ligne 983 : 429 (Too Many Requests) from TTS API. Probable cause: Unknown
Ligne 984 : 429 (Too Many Requests) from TTS API. Probable cause: Unknown
Ligne 985 : 429 (Too Many Requests) from TTS API. Probable cause: Unknown
Ligne 986 : 429 (Too Many Requests) from TTS API. Probable cause: Unknown
Ligne 987 : 429 (Too Many Requests) from TTS API. Probable cause: Unknown
Ligne 988 : 429 (Too Many Requests) from TTS API. Probable cause: Unknown
Ligne 989 : 429 (Too Many Requests) from TTS API. Probable cause: Unknown
Ligne 990 : 429 (Too Many Requests) from TTS API. Probable cause: Unknown
Ligne 991 : 429 (Too Many Requests) from TTS API. Probable cause: Unknown
Ligne 992 : 429 (Too Many Requests) from TTS API. Probable cause: Unknown
Ligne 993 : 429 (Too Many Requests) from TTS API. Probable cause: Unknown
Ligne 994 : 429 (Too Many Requests) from TTS API. Probable cause: Unknown
Ligne 995 : 429 (Too Many Requests) from TTS API. Probable cause: Unknown
Ligne 996 : 429 (Too Many Requests) from TTS API. Probable cause: Unknown
Ligne 997 : 429 (Too Many Requests) from TTS API. Probable cause: Unknown
Ligne 998 : 429 (Too Many Requests) from TTS API. Probable cause: Unknown
Ligne 999 : 429 (Too Many Requests) from TTS API. Probable cause: Unknown
Ligne 1000 : 429 (Too Many Requests) from TTS API. Probable cause: Unknown
Ligne 1001 : 429 (Too Many Requests) from TTS API. Probable cause: Unknown
Ligne 1002 : 429 (Too Many Requests) from TTS API. Probable cause: Unknown
Ligne 1003 : 429 (Too Many Requests) from TTS API. Probable cause: Unknown
Ligne 1004 : 429 (Too Many Requests) from TTS API. Probable cause: Unknown
Ligne 1005 : 429 (Too Many Requests) from TTS API. Probable cause: Unknown
Ligne 1006 : 429 (Too Many Requests) from TTS API. Probable cause: Unknown
Ligne 1007 : 429 (Too Many Requests) from TTS API. Probable cause: Unknown
Ligne 1008 : 429 (Too Many Requests) from TTS API. Probable cause: Unknown
Ligne 1009 : 429 (Too Many Requests) from TTS API. Probable cause: Unknown
Ligne 1010 : 429 (Too Many Requests) from TTS API. Probable cause: Unknown
Ligne 1011 : 429 (Too Many Requests) from TTS API. Probable cause: Unknown
Ligne 1012 : 429 (Too Many Requests) from TTS API. Probable cause: Unknown
Ligne 1013 : 429 (Too Many Requests) from TTS API. Probable cause: Unknown
Ligne 1014 : 429 (Too Many Requests) from TTS API. Probable cause: Unknown
Ligne 1015 : 429 (Too Many Requests) from TTS API. Probable cause: Unknown
Ligne 1016 : 429 (Too Many Requests) from TTS API. Probable cause: Unknown
Ligne 1017 : 429 (Too Many Requests) from TTS API. Probable cause: Unknown
Ligne 1018 : 429 (Too Many Requests) from TTS API. Probable cause: Unknown
Ligne 1019 : 429 (Too Many Requests) from TTS API. Probable cause: Unknown
Ligne 1020 : 429 (Too Many Requests) from TTS API. Probable cause: Unknown
Ligne 1021 : 429 (Too Many Requests) from TTS API. Probable cause: Unknown
Ligne 1022 : 429 (Too Many Requests) from TTS API. Probable cause: Unknown
Ligne 1023 : 429 (Too Many Requests) from TTS API. Probable cause: Unknown
Ligne 1024 : 429 (Too Many Requests) from TTS API. Probable cause: Unknown
Ligne 1025 : 429 (Too Many Requests) from TTS API. Probable cause: Unknown
Ligne 1026 : 429 (Too Many Requests) from TTS API. Probable cause: Unknown
Ligne 1027 : 429 (Too Many Requests) from TTS API. Probable cause: Unknown
Ligne 1028 : 429 (Too Many Requests) from TTS API. Probable cause: Unknown
Ligne 1029 : 429 (Too Many Requests) from TTS API. Probable cause: Unknown
Ligne 1030 : 429 (Too Many Requests) from TTS API. Probable cause: Unknown
Ligne 1031 : 429 (Too Many Requests) from TTS API. Probable cause: Unknown
Ligne 1032 : 429 (Too Many Requests) from TTS API. Probable cause: Unknown
Ligne 1033 : 429 (Too Many Requests) from TTS API. Probable cause: Unknown
Ligne 1034 : 429 (Too Many Requests) from TTS API. Probable cause: Unknown
Ligne 1035 : 429 (Too Many Requests) from TTS API. Probable cause: Unknown
Ligne 1036 : 429 (Too Many Requests) from TTS API. Probable cause: Unknown
Ligne 1037 : 429 (Too Many Requests) from TTS API. Probable cause: Unknown
Ligne 1038 : 429 (Too Many Requests) from TTS API. Probable cause: Unknown
Ligne 1039 : 429 (Too Many Requests) from TTS API. Probable cause: Unknown
Ligne 1040 : 429 (Too Many Requests) from TTS API. Probable cause: Unknown
Ligne 1041 : 429 (Too Many Requests) from TTS API. Probable cause: Unknown
Ligne 1042 : 429 (Too Many Requests) from TTS API. Probable cause: Unknown
Ligne 1043 : 429 (Too Many Requests) from TTS API. Probable cause: Unknown
Ligne 1044 : 429 (Too Many Requests) from TTS API. Probable cause: Unknown
Ligne 1045 : 429 (Too Many Requests) from TTS API. Probable cause: Unknown
Ligne 1046 : 429 (Too Many Requests) from TTS API. Probable cause: Unknown
Ligne 1047 : 429 (Too Many Requests) from TTS API. Probable cause: Unknown
Ligne 1048 : 429 (Too Many Requests) from TTS API. Probable cause: Unknown
Ligne 1049 : 429 (Too Many Requests) from TTS API. Probable cause: Unknown
Ligne 1050 : 429 (Too Many Requests) from TTS API. Probable cause: Unknown
Ligne 1051 : 429 (Too Many Requests) from TTS API. Probable cause: Unknown
Ligne 1052 : 429 (Too Many Requests) from TTS API. Probable cause: Unknown
Ligne 1053 : 429 (Too Many Requests) from TTS API. Probable cause: Unknown
Ligne 1054 : 429 (Too Many Requests) from TTS API. Probable cause: Unknown
Ligne 1055 : 429 (Too Many Requests) from TTS API. Probable cause: Unknown
Ligne 1056 : 429 (Too Many Requests) from TTS API. Probable cause: Unknown
Ligne 1057 : 429 (Too Many Requests) from TTS API. Probable cause: Unknown
Ligne 1058 : 429 (Too Many Requests) from TTS API. Probable cause: Unknown
Ligne 1059 : 429 (Too Many Requests) from TTS API. Probable cause: Unknown
Ligne 1060 : 429 (Too Many Requests) from TTS API. Probable cause: Unknown
Ligne 1061 : 429 (Too Many Requests) from TTS API. Probable cause: Unknown
Ligne 1062 : 429 (Too Many Requests) from TTS API. Probable cause: Unknown
Ligne 1063 : 429 (Too Many Requests) from TTS API. Probable cause: Unknown
Ligne 1064 : 429 (Too Many Requests) from TTS API. Probable cause: Unknown
Ligne 1065 : 429 (Too Many Requests) from TTS API. Probable cause: Unknown
Ligne 1066 : 429 (Too Many Requests) from TTS API. Probable cause: Unknown
Ligne 1067 : 429 (Too Many Requests) from TTS API. Probable cause: Unknown
Ligne 1068 : 429 (Too Many Requests) from TTS API. Probable cause: Unknown
Ligne 1069 : 429 (Too Many Requests) from TTS API. Probable cause: Unknown
Ligne 1070 : 429 (Too Many Requests) from TTS API. Probable cause: Unknown
Ligne 1071 : 429 (Too Many Requests) from TTS API. Probable cause: Unknown
Ligne 1072 : 429 (Too Many Requests) from TTS API. Probable cause: Unknown
Ligne 1073 : 429 (Too Many Requests) from TTS API. Probable cause: Unknown
Ligne 1074 : 429 (Too Many Requests) from TTS API. Probable cause: Unknown
Ligne 1075 : 429 (Too Many Requests) from TTS API. Probable cause: Unknown
Ligne 1076 : 429 (Too Many Requests) from TTS API. Probable cause: Unknown
Ligne 1077 : 429 (Too Many Requests) from TTS API. Probable cause: Unknown
Ligne 1078 : 429 (Too Many Requests) from TTS API. Probable cause: Unknown
Ligne 1079 : 429 (Too Many Requests) from TTS API. Probable cause: Unknown
Ligne 1080 : 429 (Too Many Requests) from TTS API. Probable cause: Unknown
Ligne 1081 : 429 (Too Many Requests) from TTS API. Probable cause: Unknown
Ligne 1082 : 429 (Too Many Requests) from TTS API. Probable cause: Unknown
Ligne 1083 : 429 (Too Many Requests) from TTS API. Probable cause: Unknown
Ligne 1084 : 429 (Too Many Requests) from TTS API. Probable cause: Unknown
Ligne 1085 : 429 (Too Many Requests) from TTS API. Probable cause: Unknown
Ligne 1086 : 429 (Too Many Requests) from TTS API. Probable cause: Unknown
Ligne 1087 : 429 (Too Many Requests) from TTS API. Probable cause: Unknown
Ligne 1088 : 429 (Too Many Requests) from TTS API. Probable cause: Unknown
Ligne 1089 : 429 (Too Many Requests) from TTS API. Probable cause: Unknown
Ligne 1090 : 429 (Too Many Requests) from TTS API. Probable cause: Unknown
Ligne 1091 : 429 (Too Many Requests) from TTS API. Probable cause: Unknown
Ligne 1092 : 429 (Too Many Requests) from TTS API. Probable cause: Unknown
Ligne 1093 : 429 (Too Many Requests) from TTS API. Probable cause: Unknown
Ligne 1094 : 429 (Too Many Requests) from TTS API. Probable cause: Unknown
Ligne 1095 : 429 (Too Many Requests) from TTS API. Probable cause: Unknown
Ligne 1096 : 429 (Too Many Requests) from TTS API. Probable cause: Unknown
Ligne 1097 : 429 (Too Many Requests) from TTS API. Probable cause: Unknown
Ligne 1098 : 429 (Too Many Requests) from TTS API. Probable cause: Unknown
Ligne 1099 : 429 (Too Many Requests) from TTS API. Probable cause: Unknown
Ligne 1100 : 429 (Too Many Requests) from TTS API. Probable cause: Unknown
Ligne 1101 : 429 (Too Many Requests) from TTS API. Probable cause: Unknown
Ligne 1102 : 429 (Too Many Requests) from TTS API. Probable cause: Unknown
Ligne 1103 : 429 (Too Many Requests) from TTS API. Probable cause: Unknown
Ligne 1104 : 429 (Too Many Requests) from TTS API. Probable cause: Unknown
Ligne 1105 : 429 (Too Many Requests) from TTS API. Probable cause: Unknown
Ligne 1106 : 429 (Too Many Requests) from TTS API. Probable cause: Unknown
Ligne 1107 : 429 (Too Many Requests) from TTS API. Probable cause: Unknown
Ligne 1108 : 429 (Too Many Requests) from TTS API. Probable cause: Unknown
Ligne 1109 : 429 (Too Many Requests) from TTS API. Probable cause: Unknown
Ligne 1110 : 429 (Too Many Requests) from TTS API. Probable cause: Unknown
Ligne 1111 : 429 (Too Many Requests) from TTS API. Probable cause: Unknown
Ligne 1112 : 429 (Too Many Requests) from TTS API. Probable cause: Unknown
Ligne 1113 : 429 (Too Many Requests) from TTS API. Probable cause: Unknown
Ligne 1114 : 429 (Too Many Requests) from TTS API. Probable cause: Unknown
Ligne 1115 : 429 (Too Many Requests) from TTS API. Probable cause: Unknown
Ligne 1116 : 429 (Too Many Requests) from TTS API. Probable cause: Unknown
Ligne 1117 : 429 (Too Many Requests) from TTS API. Probable cause: Unknown
Ligne 1118 : 429 (Too Many Requests) from TTS API. Probable cause: Unknown
Ligne 1119 : 429 (Too Many Requests) from TTS API. Probable cause: Unknown
Ligne 1120 : 429 (Too Many Requests) from TTS API. Probable cause: Unknown
Ligne 1121 : 429 (Too Many Requests) from TTS API. Probable cause: Unknown
Ligne 1122 : 429 (Too Many Requests) from TTS API. Probable cause: Unknown
Ligne 1123 : 429 (Too Many Requests) from TTS API. Probable cause: Unknown
Ligne 1124 : 429 (Too Many Requests) from TTS API. Probable cause: Unknown
Ligne 1125 : 429 (Too Many Requests) from TTS API. Probable cause: Unknown
Ligne 1126 : 429 (Too Many Requests) from TTS API. Probable cause: Unknown
Ligne 1127 : 429 (Too Many Requests) from TTS API. Probable cause: Unknown
Ligne 1128 : 429 (Too Many Requests) from TTS API. Probable cause: Unknown
Ligne 1129 : 429 (Too Many Requests) from TTS API. Probable cause: Unknown
Ligne 1130 : 429 (Too Many Requests) from TTS API. Probable cause: Unknown
Ligne 1131 : 429 (Too Many Requests) from TTS API. Probable cause: Unknown
Ligne 1132 : 429 (Too Many Requests) from TTS API. Probable cause: Unknown
Ligne 1133 : 429 (Too Many Requests) from TTS API. Probable cause: Unknown
Ligne 1134 : 429 (Too Many Requests) from TTS API. Probable cause: Unknown
Ligne 1135 : 429 (Too Many Requests) from TTS API. Probable cause: Unknown
Ligne 1136 : 429 (Too Many Requests) from TTS API. Probable cause: Unknown
Ligne 1137 : 429 (Too Many Requests) from TTS API. Probable cause: Unknown
Ligne 1138 : 429 (Too Many Requests) from TTS API. Probable cause: Unknown
Ligne 1139 : 429 (Too Many Requests) from TTS API. Probable cause: Unknown
Ligne 1140 : 429 (Too Many Requests) from TTS API. Probable cause: Unknown
Ligne 1141 : 429 (Too Many Requests) from TTS API. Probable cause: Unknown
Ligne 1142 : 429 (Too Many Requests) from TTS API. Probable cause: Unknown
Ligne 1143 : 429 (Too Many Requests) from TTS API. Probable cause: Unknown
Ligne 1144 : 429 (Too Many Requests) from TTS API. Probable cause: Unknown
Ligne 1145 : 429 (Too Many Requests) from TTS API. Probable cause: Unknown
Ligne 1146 : 429 (Too Many Requests) from TTS API. Probable cause: Unknown
Ligne 1147 : 429 (Too Many Requests) from TTS API. Probable cause: Unknown
Ligne 1148 : 429 (Too Many Requests) from TTS API. Probable cause: Unknown
Ligne 1149 : 429 (Too Many Requests) from TTS API. Probable cause: Unknown
Ligne 1150 : 429 (Too Many Requests) from TTS API. Probable cause: Unknown
Ligne 1151 : 429 (Too Many Requests) from TTS API. Probable cause: Unknown
Ligne 1152 : 429 (Too Many Requests) from TTS API. Probable cause: Unknown
Ligne 1153 : 429 (Too Many Requests) from TTS API. Probable cause: Unknown
Ligne 1154 : 429 (Too Many Requests) from TTS API. Probable cause: Unknown
Ligne 1155 : 429 (Too Many Requests) from TTS API. Probable cause: Unknown
Ligne 1156 : 429 (Too Many Requests) from TTS API. Probable cause: Unknown
Ligne 1157 : 429 (Too Many Requests) from TTS API. Probable cause: Unknown
Ligne 1158 : 429 (Too Many Requests) from TTS API. Probable cause: Unknown
Ligne 1159 : 429 (Too Many Requests) from TTS API. Probable cause: Unknown
Ligne 1160 : 429 (Too Many Requests) from TTS API. Probable cause: Unknown
Ligne 1161 : 429 (Too Many Requests) from TTS API. Probable cause: Unknown
Ligne 1162 : 429 (Too Many Requests) from TTS API. Probable cause: Unknown
Ligne 1163 : 429 (Too Many Requests) from TTS API. Probable cause: Unknown
Ligne 1164 : 429 (Too Many Requests) from TTS API. Probable cause: Unknown
Ligne 1165 : 429 (Too Many Requests) from TTS API. Probable cause: Unknown
Ligne 1166 : 429 (Too Many Requests) from TTS API. Probable cause: Unknown
Ligne 1167 : 429 (Too Many Requests) from TTS API. Probable cause: Unknown
Ligne 1168 : 429 (Too Many Requests) from TTS API. Probable cause: Unknown
Ligne 1169 : 429 (Too Many Requests) from TTS API. Probable cause: Unknown
Ligne 1170 : 429 (Too Many Requests) from TTS API. Probable cause: Unknown
Ligne 1171 : 429 (Too Many Requests) from TTS API. Probable cause: Unknown
Ligne 1172 : 429 (Too Many Requests) from TTS API. Probable cause: Unknown
Ligne 1173 : 429 (Too Many Requests) from TTS API. Probable cause: Unknown
Ligne 1174 : 429 (Too Many Requests) from TTS API. Probable cause: Unknown
Ligne 1175 : 429 (Too Many Requests) from TTS API. Probable cause: Unknown
Ligne 1176 : 429 (Too Many Requests) from TTS API. Probable cause: Unknown
Ligne 1177 : 429 (Too Many Requests) from TTS API. Probable cause: Unknown
Ligne 1178 : 429 (Too Many Requests) from TTS API. Probable cause: Unknown
Ligne 1179 : 429 (Too Many Requests) from TTS API. Probable cause: Unknown
Ligne 1180 : 429 (Too Many Requests) from TTS API. Probable cause: Unknown
Ligne 1181 : 429 (Too Many Requests) from TTS API. Probable cause: Unknown
Ligne 1182 : 429 (Too Many Requests) from TTS API. Probable cause: Unknown
Ligne 1183 : 429 (Too Many Requests) from TTS API. Probable cause: Unknown
Ligne 1184 : 429 (Too Many Requests) from TTS API. Probable cause: Unknown
Ligne 1185 : 429 (Too Many Requests) from TTS API. Probable cause: Unknown
Ligne 1186 : 429 (Too Many Requests) from TTS API. Probable cause: Unknown
Ligne 1187 : 429 (Too Many Requests) from TTS API. Probable cause: Unknown
Ligne 1188 : 429 (Too Many Requests) from TTS API. Probable cause: Unknown
Ligne 1189 : 429 (Too Many Requests) from TTS API. Probable cause: Unknown
Ligne 1190 : 429 (Too Many Requests) from TTS API. Probable cause: Unknown
Ligne 1191 : 429 (Too Many Requests) from TTS API. Probable cause: Unknown
Ligne 1192 : 429 (Too Many Requests) from TTS API. Probable cause: Unknown
Ligne 1193 : 429 (Too Many Requests) from TTS API. Probable cause: Unknown
Ligne 1194 : 429 (Too Many Requests) from TTS API. Probable cause: Unknown
Ligne 1195 : 429 (Too Many Requests) from TTS API. Probable cause: Unknown
Ligne 1196 : 429 (Too Many Requests) from TTS API. Probable cause: Unknown
Ligne 1197 : 429 (Too Many Requests) from TTS API. Probable cause: Unknown
Ligne 1198 : 429 (Too Many Requests) from TTS API. Probable cause: Unknown
Ligne 1199 : 429 (Too Many Requests) from TTS API. Probable cause: Unknown
Ligne 1200 : 429 (Too Many Requests) from TTS API. Probable cause: Unknown
Ligne 1201 : 429 (Too Many Requests) from TTS API. Probable cause: Unknown
Ligne 1202 : 429 (Too Many Requests) from TTS API. Probable cause: Unknown
Ligne 1203 : 429 (Too Many Requests) from TTS API. Probable cause: Unknown
Ligne 1204 : 429 (Too Many Requests) from TTS API. Probable cause: Unknown
Ligne 1205 : 429 (Too Many Requests) from TTS API. Probable cause: Unknown
Ligne 1206 : 429 (Too Many Requests) from TTS API. Probable cause: Unknown
Ligne 1207 : 429 (Too Many Requests) from TTS API. Probable cause: Unknown
Ligne 1208 : 429 (Too Many Requests) from TTS API. Probable cause: Unknown
Ligne 1209 : 429 (Too Many Requests) from TTS API. Probable cause: Unknown
Ligne 1210 : 429 (Too Many Requests) from TTS API. Probable cause: Unknown
Ligne 1211 : 429 (Too Many Requests) from TTS API. Probable cause: Unknown
Ligne 1212 : 429 (Too Many Requests) from TTS API. Probable cause: Unknown
Ligne 1213 : 429 (Too Many Requests) from TTS API. Probable cause: Unknown
Ligne 1214 : 429 (Too Many Requests) from TTS API. Probable cause: Unknown
Ligne 1215 : 429 (Too Many Requests) from TTS API. Probable cause: Unknown
Ligne 1216 : 429 (Too Many Requests) from TTS API. Probable cause: Unknown
Ligne 1217 : 429 (Too Many Requests) from TTS API. Probable cause: Unknown
Ligne 1218 : 429 (Too Many Requests) from TTS API. Probable cause: Unknown
Ligne 1219 : 429 (Too Many Requests) from TTS API. Probable cause: Unknown
Ligne 1220 : 429 (Too Many Requests) from TTS API. Probable cause: Unknown
Ligne 1221 : 429 (Too Many Requests) from TTS API. Probable cause: Unknown
Ligne 1222 : 429 (Too Many Requests) from TTS API. Probable cause: Unknown
Ligne 1223 : 429 (Too Many Requests) from TTS API. Probable cause: Unknown
Ligne 1224 : 429 (Too Many Requests) from TTS API. Probable cause: Unknown
Ligne 1225 : 429 (Too Many Requests) from TTS API. Probable cause: Unknown
Ligne 1226 : 429 (Too Many Requests) from TTS API. Probable cause: Unknown
Ligne 1227 : 429 (Too Many Requests) from TTS API. Probable cause: Unknown
Ligne 1228 : 429 (Too Many Requests) from TTS API. Probable cause: Unknown
Ligne 1229 : 429 (Too Many Requests) from TTS API. Probable cause: Unknown
Ligne 1230 : 429 (Too Many Requests) from TTS API. Probable cause: Unknown
Ligne 1231 : 429 (Too Many Requests) from TTS API. Probable cause: Unknown
Ligne 1232 : 429 (Too Many Requests) from TTS API. Probable cause: Unknown
Ligne 1233 : 429 (Too Many Requests) from TTS API. Probable cause: Unknown
Ligne 1234 : 429 (Too Many Requests) from TTS API. Probable cause: Unknown
Ligne 1235 : 429 (Too Many Requests) from TTS API. Probable cause: Unknown
Ligne 1236 : 429 (Too Many Requests) from TTS API. Probable cause: Unknown
Ligne 1237 : 429 (Too Many Requests) from TTS API. Probable cause: Unknown
Ligne 1238 : 429 (Too Many Requests) from TTS API. Probable cause: Unknown
Ligne 1239 : 429 (Too Many Requests) from TTS API. Probable cause: Unknown
Ligne 1240 : 429 (Too Many Requests) from TTS API. Probable cause: Unknown
Ligne 1241 : 429 (Too Many Requests) from TTS API. Probable cause: Unknown
Ligne 1242 : 429 (Too Many Requests) from TTS API. Probable cause: Unknown
Ligne 1243 : 429 (Too Many Requests) from TTS API. Probable cause: Unknown
Ligne 1244 : 429 (Too Many Requests) from TTS API. Probable cause: Unknown
Ligne 1245 : 429 (Too Many Requests) from TTS API. Probable cause: Unknown
Ligne 1246 : 429 (Too Many Requests) from TTS API. Probable cause: Unknown
Ligne 1247 : 429 (Too Many Requests) from TTS API. Probable cause: Unknown
Ligne 1248 : 429 (Too Many Requests) from TTS API. Probable cause: Unknown
Ligne 1249 : 429 (Too Many Requests) from TTS API. Probable cause: Unknown
Ligne 1250 : 429 (Too Many Requests) from TTS API. Probable cause: Unknown
Ligne 1251 : 429 (Too Many Requests) from TTS API. Probable cause: Unknown
Ligne 1252 : 429 (Too Many Requests) from TTS API. Probable cause: Unknown
Ligne 1253 : 429 (Too Many Requests) from TTS API. Probable cause: Unknown
Ligne 1254 : 429 (Too Many Requests) from TTS API. Probable cause: Unknown
Ligne 1255 : 429 (Too Many Requests) from TTS API. Probable cause: Unknown
Ligne 1256 : 429 (Too Many Requests) from TTS API. Probable cause: Unknown
Ligne 1257 : 429 (Too Many Requests) from TTS API. Probable cause: Unknown
Ligne 1258 : 429 (Too Many Requests) from TTS API. Probable cause: Unknown
Ligne 1259 : 429 (Too Many Requests) from TTS API. Probable cause: Unknown
Ligne 1260 : 429 (Too Many Requests) from TTS API. Probable cause: Unknown
Ligne 1261 : 429 (Too Many Requests) from TTS API. Probable cause: Unknown
Ligne 1262 : 429 (Too Many Requests) from TTS API. Probable cause: Unknown
Ligne 1263 : 429 (Too Many Requests) from TTS API. Probable cause: Unknown
Ligne 1264 : 429 (Too Many Requests) from TTS API. Probable cause: Unknown
Ligne 1265 : 429 (Too Many Requests) from TTS API. Probable cause: Unknown
Ligne 1266 : 429 (Too Many Requests) from TTS API. Probable cause: Unknown
Ligne 1267 : 429 (Too Many Requests) from TTS API. Probable cause: Unknown
Ligne 1268 : 429 (Too Many Requests) from TTS API. Probable cause: Unknown
Ligne 1269 : 429 (Too Many Requests) from TTS API. Probable cause: Unknown
Ligne 1270 : 429 (Too Many Requests) from TTS API. Probable cause: Unknown
Ligne 1271 : 429 (Too Many Requests) from TTS API. Probable cause: Unknown
Ligne 1272 : 429 (Too Many Requests) from TTS API. Probable cause: Unknown
Ligne 1273 : 429 (Too Many Requests) from TTS API. Probable cause: Unknown
Ligne 1274 : 429 (Too Many Requests) from TTS API. Probable cause: Unknown
Ligne 1275 : 429 (Too Many Requests) from TTS API. Probable cause: Unknown
Ligne 1276 : 429 (Too Many Requests) from TTS API. Probable cause: Unknown
Ligne 1277 : 429 (Too Many Requests) from TTS API. Probable cause: Unknown
Ligne 1278 : 429 (Too Many Requests) from TTS API. Probable cause: Unknown
Ligne 1279 : 429 (Too Many Requests) from TTS API. Probable cause: Unknown
Ligne 1280 : 429 (Too Many Requests) from TTS API. Probable cause: Unknown
Ligne 1281 : 429 (Too Many Requests) from TTS API. Probable cause: Unknown
Ligne 1282 : 429 (Too Many Requests) from TTS API. Probable cause: Unknown
Ligne 1283 : 429 (Too Many Requests) from TTS API. Probable cause: Unknown
Ligne 1284 : 429 (Too Many Requests) from TTS API. Probable cause: Unknown
Ligne 1285 : 429 (Too Many Requests) from TTS API. Probable cause: Unknown
Ligne 1286 : 429 (Too Many Requests) from TTS API. Probable cause: Unknown
Ligne 1287 : 429 (Too Many Requests) from TTS API. Probable cause: Unknown
Ligne 1288 : 429 (Too Many Requests) from TTS API. Probable cause: Unknown
Ligne 1289 : 429 (Too Many Requests) from TTS API. Probable cause: Unknown
Ligne 1290 : 429 (Too Many Requests) from TTS API. Probable cause: Unknown
Ligne 1291 : 429 (Too Many Requests) from TTS API. Probable cause: Unknown
Ligne 1292 : 429 (Too Many Requests) from TTS API. Probable cause: Unknown
Ligne 1293 : 429 (Too Many Requests) from TTS API. Probable cause: Unknown
Ligne 1294 : 429 (Too Many Requests) from TTS API. Probable cause: Unknown
Ligne 1295 : 429 (Too Many Requests) from TTS API. Probable cause: Unknown
Ligne 1296 : 429 (Too Many Requests) from TTS API. Probable cause: Unknown
Ligne 1297 : 429 (Too Many Requests) from TTS API. Probable cause: Unknown
Ligne 1298 : 429 (Too Many Requests) from TTS API. Probable cause: Unknown
Ligne 1299 : 429 (Too Many Requests) from TTS API. Probable cause: Unknown
Ligne 1300 : 429 (Too Many Requests) from TTS API. Probable cause: Unknown
Ligne 1301 : 429 (Too Many Requests) from TTS API. Probable cause: Unknown
Ligne 1302 : 429 (Too Many Requests) from TTS API. Probable cause: Unknown
Ligne 1303 : 429 (Too Many Requests) from TTS API. Probable cause: Unknown
Ligne 1304 : 429 (Too Many Requests) from TTS API. Probable cause: Unknown
Ligne 1305 : 429 (Too Many Requests) from TTS API. Probable cause: Unknown
Ligne 1306 : 429 (Too Many Requests) from TTS API. Probable cause: Unknown
Ligne 1307 : 429 (Too Many Requests) from TTS API. Probable cause: Unknown
Ligne 1308 : 429 (Too Many Requests) from TTS API. Probable cause: Unknown
Ligne 1309 : 429 (Too Many Requests) from TTS API. Probable cause: Unknown
Ligne 1310 : 429 (Too Many Requests) from TTS API. Probable cause: Unknown
Ligne 1311 : 429 (Too Many Requests) from TTS API. Probable cause: Unknown
Ligne 1312 : 429 (Too Many Requests) from TTS API. Probable cause: Unknown
Ligne 1313 : 429 (Too Many Requests) from TTS API. Probable cause: Unknown
Ligne 1314 : 429 (Too Many Requests) from TTS API. Probable cause: Unknown
Ligne 1315 : 429 (Too Many Requests) from TTS API. Probable cause: Unknown
Ligne 1316 : 429 (Too Many Requests) from TTS API. Probable cause: Unknown
Ligne 1317 : 429 (Too Many Requests) from TTS API. Probable cause: Unknown
Ligne 1318 : 429 (Too Many Requests) from TTS API. Probable cause: Unknown
Ligne 1319 : 429 (Too Many Requests) from TTS API. Probable cause: Unknown
Ligne 1320 : 429 (Too Many Requests) from TTS API. Probable cause: Unknown
Ligne 1321 : 429 (Too Many Requests) from TTS API. Probable cause: Unknown
Ligne 1322 : 429 (Too Many Requests) from TTS API. Probable cause: Unknown
Ligne 1323 : 429 (Too Many Requests) from TTS API. Probable cause: Unknown
Ligne 1324 : 429 (Too Many Requests) from TTS API. Probable cause: Unknown
Ligne 1325 : 429 (Too Many Requests) from TTS API. Probable cause: Unknown
Ligne 1326 : 429 (Too Many Requests) from TTS API. Probable cause: Unknown
Ligne 1327 : 429 (Too Many Requests) from TTS API. Probable cause: Unknown
Ligne 1328 : 429 (Too Many Requests) from TTS API. Probable cause: Unknown
Ligne 1329 : 429 (Too Many Requests) from TTS API. Probable cause: Unknown
Ligne 1330 : 429 (Too Many Requests) from TTS API. Probable cause: Unknown
Ligne 1331 : 429 (Too Many Requests) from TTS API. Probable cause: Unknown
Ligne 1332 : 429 (Too Many Requests) from TTS API. Probable cause: Unknown
Ligne 1333 : 429 (Too Many Requests) from TTS API. Probable cause: Unknown
Ligne 1334 : 429 (Too Many Requests) from TTS API. Probable cause: Unknown
Ligne 1335 : 429 (Too Many Requests) from TTS API. Probable cause: Unknown
Ligne 1336 : 429 (Too Many Requests) from TTS API. Probable cause: Unknown
Ligne 1337 : 429 (Too Many Requests) from TTS API. Probable cause: Unknown
Ligne 1338 : 429 (Too Many Requests) from TTS API. Probable cause: Unknown
Ligne 1339 : 429 (Too Many Requests) from TTS API. Probable cause: Unknown
Ligne 1340 : 429 (Too Many Requests) from TTS API. Probable cause: Unknown
Ligne 1341 : 429 (Too Many Requests) from TTS API. Probable cause: Unknown
Ligne 1342 : 429 (Too Many Requests) from TTS API. Probable cause: Unknown
Ligne 1343 : 429 (Too Many Requests) from TTS API. Probable cause: Unknown
Ligne 1344 : 429 (Too Many Requests) from TTS API. Probable cause: Unknown
Ligne 1345 : 429 (Too Many Requests) from TTS API. Probable cause: Unknown
Ligne 1346 : 429 (Too Many Requests) from TTS API. Probable cause: Unknown
Ligne 1347 : 429 (Too Many Requests) from TTS API. Probable cause: Unknown
Ligne 1348 : 429 (Too Many Requests) from TTS API. Probable cause: Unknown
Ligne 1349 : 429 (Too Many Requests) from TTS API. Probable cause: Unknown
Ligne 1350 : 429 (Too Many Requests) from TTS API. Probable cause: Unknown
Ligne 1351 : 429 (Too Many Requests) from TTS API. Probable cause: Unknown
Ligne 1352 : 429 (Too Many Requests) from TTS API. Probable cause: Unknown
Ligne 1353 : 429 (Too Many Requests) from TTS API. Probable cause: Unknown
Ligne 1354 : 429 (Too Many Requests) from TTS API. Probable cause: Unknown
Ligne 1355 : 429 (Too Many Requests) from TTS API. Probable cause: Unknown
Ligne 1356 : 429 (Too Many Requests) from TTS API. Probable cause: Unknown
Ligne 1357 : 429 (Too Many Requests) from TTS API. Probable cause: Unknown
Ligne 1358 : 429 (Too Many Requests) from TTS API. Probable cause: Unknown
Ligne 1359 : 429 (Too Many Requests) from TTS API. Probable cause: Unknown
Ligne 1360 : 429 (Too Many Requests) from TTS API. Probable cause: Unknown
Ligne 1361 : 429 (Too Many Requests) from TTS API. Probable cause: Unknown
Ligne 1362 : 429 (Too Many Requests) from TTS API. Probable cause: Unknown
Ligne 1363 : 429 (Too Many Requests) from TTS API. Probable cause: Unknown
Ligne 1364 : 429 (Too Many Requests) from TTS API. Probable cause: Unknown
Ligne 1365 : 429 (Too Many Requests) from TTS API. Probable cause: Unknown
Ligne 1366 : 429 (Too Many Requests) from TTS API. Probable cause: Unknown
Ligne 1367 : 429 (Too Many Requests) from TTS API. Probable cause: Unknown
Ligne 1368 : 429 (Too Many Requests) from TTS API. Probable cause: Unknown
Ligne 1369 : 429 (Too Many Requests) from TTS API. Probable cause: Unknown
Ligne 1370 : 429 (Too Many Requests) from TTS API. Probable cause: Unknown
Ligne 1371 : 429 (Too Many Requests) from TTS API. Probable cause: Unknown
Ligne 1372 : 429 (Too Many Requests) from TTS API. Probable cause: Unknown
Ligne 1373 : 429 (Too Many Requests) from TTS API. Probable cause: Unknown
Ligne 1374 : 429 (Too Many Requests) from TTS API. Probable cause: Unknown
Ligne 1375 : 429 (Too Many Requests) from TTS API. Probable cause: Unknown
Ligne 1376 : 429 (Too Many Requests) from TTS API. Probable cause: Unknown
Ligne 1377 : 429 (Too Many Requests) from TTS API. Probable cause: Unknown
Ligne 1378 : 429 (Too Many Requests) from TTS API. Probable cause: Unknown
Ligne 1379 : 429 (Too Many Requests) from TTS API. Probable cause: Unknown
Ligne 1380 : 429 (Too Many Requests) from TTS API. Probable cause: Unknown
Ligne 1381 : 429 (Too Many Requests) from TTS API. Probable cause: Unknown
Ligne 1382 : 429 (Too Many Requests) from TTS API. Probable cause: Unknown
Ligne 1383 : 429 (Too Many Requests) from TTS API. Probable cause: Unknown
Ligne 1384 : 429 (Too Many Requests) from TTS API. Probable cause: Unknown
Ligne 1385 : 429 (Too Many Requests) from TTS API. Probable cause: Unknown
Ligne 1386 : 429 (Too Many Requests) from TTS API. Probable cause: Unknown
Ligne 1387 : 429 (Too Many Requests) from TTS API. Probable cause: Unknown
Ligne 1388 : 429 (Too Many Requests) from TTS API. Probable cause: Unknown
Ligne 1389 : 429 (Too Many Requests) from TTS API. Probable cause: Unknown
Ligne 1390 : 429 (Too Many Requests) from TTS API. Probable cause: Unknown
Ligne 1391 : 429 (Too Many Requests) from TTS API. Probable cause: Unknown
Ligne 1392 : 429 (Too Many Requests) from TTS API. Probable cause: Unknown
Ligne 1393 : 429 (Too Many Requests) from TTS API. Probable cause: Unknown
Ligne 1394 : 429 (Too Many Requests) from TTS API. Probable cause: Unknown
Ligne 1395 : 429 (Too Many Requests) from TTS API. Probable cause: Unknown
Ligne 1396 : 429 (Too Many Requests) from TTS API. Probable cause: Unknown
Ligne 1397 : 429 (Too Many Requests) from TTS API. Probable cause: Unknown
Ligne 1398 : 429 (Too Many Requests) from TTS API. Probable cause: Unknown
Ligne 1399 : 429 (Too Many Requests) from TTS API. Probable cause: Unknown
Ligne 1400 : 429 (Too Many Requests) from TTS API. Probable cause: Unknown
Ligne 1401 : 429 (Too Many Requests) from TTS API. Probable cause: Unknown
Ligne 1402 : 429 (Too Many Requests) from TTS API. Probable cause: Unknown
Ligne 1403 : 429 (Too Many Requests) from TTS API. Probable cause: Unknown
Ligne 1404 : 429 (Too Many Requests) from TTS API. Probable cause: Unknown
Ligne 1405 : 429 (Too Many Requests) from TTS API. Probable cause: Unknown
Ligne 1406 : 429 (Too Many Requests) from TTS API. Probable cause: Unknown
Ligne 1407 : 429 (Too Many Requests) from TTS API. Probable cause: Unknown
Ligne 1408 : 429 (Too Many Requests) from TTS API. Probable cause: Unknown
Ligne 1409 : 429 (Too Many Requests) from TTS API. Probable cause: Unknown
Ligne 1410 : 429 (Too Many Requests) from TTS API. Probable cause: Unknown
Ligne 1411 : 429 (Too Many Requests) from TTS API. Probable cause: Unknown
Ligne 1412 : 429 (Too Many Requests) from TTS API. Probable cause: Unknown
Ligne 1413 : 429 (Too Many Requests) from TTS API. Probable cause: Unknown
Ligne 1414 : 429 (Too Many Requests) from TTS API. Probable cause: Unknown
Ligne 1415 : 429 (Too Many Requests) from TTS API. Probable cause: Unknown
Ligne 1416 : 429 (Too Many Requests) from TTS API. Probable cause: Unknown
Ligne 1417 : 429 (Too Many Requests) from TTS API. Probable cause: Unknown
Ligne 1418 : 429 (Too Many Requests) from TTS API. Probable cause: Unknown
Ligne 1419 : 429 (Too Many Requests) from TTS API. Probable cause: Unknown
Ligne 1420 : 429 (Too Many Requests) from TTS API. Probable cause: Unknown
Ligne 1421 : 429 (Too Many Requests) from TTS API. Probable cause: Unknown
Ligne 1422 : 429 (Too Many Requests) from TTS API. Probable cause: Unknown
Ligne 1423 : 429 (Too Many Requests) from TTS API. Probable cause: Unknown
Ligne 1424 : 429 (Too Many Requests) from TTS API. Probable cause: Unknown
Ligne 1425 : 429 (Too Many Requests) from TTS API. Probable cause: Unknown
Ligne 1426 : 429 (Too Many Requests) from TTS API. Probable cause: Unknown
Ligne 1427 : 429 (Too Many Requests) from TTS API. Probable cause: Unknown
Ligne 1428 : 429 (Too Many Requests) from TTS API. Probable cause: Unknown
Ligne 1429 : 429 (Too Many Requests) from TTS API. Probable cause: Unknown
Ligne 1430 : 429 (Too Many Requests) from TTS API. Probable cause: Unknown
Ligne 1431 : 429 (Too Many Requests) from TTS API. Probable cause: Unknown
Ligne 1432 : 429 (Too Many Requests) from TTS API. Probable cause: Unknown
Ligne 1433 : 429 (Too Many Requests) from TTS API. Probable cause: Unknown
Ligne 1434 : 429 (Too Many Requests) from TTS API. Probable cause: Unknown
Ligne 1435 : 429 (Too Many Requests) from TTS API. Probable cause: Unknown
Ligne 1436 : 429 (Too Many Requests) from TTS API. Probable cause: Unknown
Ligne 1437 : 429 (Too Many Requests) from TTS API. Probable cause: Unknown
Ligne 1438 : 429 (Too Many Requests) from TTS API. Probable cause: Unknown
Ligne 1439 : 429 (Too Many Requests) from TTS API. Probable cause: Unknown
Ligne 1440 : 429 (Too Many Requests) from TTS API. Probable cause: Unknown
Ligne 1441 : 429 (Too Many Requests) from TTS API. Probable cause: Unknown
Ligne 1442 : 429 (Too Many Requests) from TTS API. Probable cause: Unknown
Ligne 1443 : 429 (Too Many Requests) from TTS API. Probable cause: Unknown
Ligne 1444 : 429 (Too Many Requests) from TTS API. Probable cause: Unknown
Ligne 1445 : 429 (Too Many Requests) from TTS API. Probable cause: Unknown
Ligne 1446 : 429 (Too Many Requests) from TTS API. Probable cause: Unknown
Ligne 1447 : 429 (Too Many Requests) from TTS API. Probable cause: Unknown
Ligne 1448 : 429 (Too Many Requests) from TTS API. Probable cause: Unknown
Ligne 1449 : 429 (Too Many Requests) from TTS API. Probable cause: Unknown
Ligne 1450 : 429 (Too Many Requests) from TTS API. Probable cause: Unknown
Ligne 1451 : 429 (Too Many Requests) from TTS API. Probable cause: Unknown
Ligne 1452 : 429 (Too Many Requests) from TTS API. Probable cause: Unknown
Ligne 1453 : 429 (Too Many Requests) from TTS API. Probable cause: Unknown
Ligne 1454 : 429 (Too Many Requests) from TTS API. Probable cause: Unknown
Ligne 1455 : 429 (Too Many Requests) from TTS API. Probable cause: Unknown
Ligne 1456 : 429 (Too Many Requests) from TTS API. Probable cause: Unknown
Ligne 1457 : 429 (Too Many Requests) from TTS API. Probable cause: Unknown
Ligne 1458 : 429 (Too Many Requests) from TTS API. Probable cause: Unknown
Ligne 1459 : 429 (Too Many Requests) from TTS API. Probable cause: Unknown
Ligne 1460 : 429 (Too Many Requests) from TTS API. Probable cause: Unknown
Ligne 1461 : 429 (Too Many Requests) from TTS API. Probable cause: Unknown
Ligne 1462 : 429 (Too Many Requests) from TTS API. Probable cause: Unknown
Ligne 1463 : 429 (Too Many Requests) from TTS API. Probable cause: Unknown
Ligne 1464 : 429 (Too Many Requests) from TTS API. Probable cause: Unknown
Ligne 1465 : 429 (Too Many Requests) from TTS API. Probable cause: Unknown
Ligne 1466 : 429 (Too Many Requests) from TTS API. Probable cause: Unknown
Ligne 1467 : 429 (Too Many Requests) from TTS API. Probable cause: Unknown
Ligne 1468 : 429 (Too Many Requests) from TTS API. Probable cause: Unknown
Ligne 1469 : 429 (Too Many Requests) from TTS API. Probable cause: Unknown
Ligne 1470 : 429 (Too Many Requests) from TTS API. Probable cause: Unknown
Ligne 1471 : 429 (Too Many Requests) from TTS API. Probable cause: Unknown
Ligne 1472 : 429 (Too Many Requests) from TTS API. Probable cause: Unknown
Ligne 1473 : 429 (Too Many Requests) from TTS API. Probable cause: Unknown
Ligne 1474 : 429 (Too Many Requests) from TTS API. Probable cause: Unknown
Ligne 1475 : 429 (Too Many Requests) from TTS API. Probable cause: Unknown
Ligne 1476 : 429 (Too Many Requests) from TTS API. Probable cause: Unknown
Ligne 1477 : 429 (Too Many Requests) from TTS API. Probable cause: Unknown
Ligne 1478 : 429 (Too Many Requests) from TTS API. Probable cause: Unknown
Ligne 1479 : 429 (Too Many Requests) from TTS API. Probable cause: Unknown
Ligne 1480 : 429 (Too Many Requests) from TTS API. Probable cause: Unknown
Ligne 1481 : 429 (Too Many Requests) from TTS API. Probable cause: Unknown
Ligne 1482 : 429 (Too Many Requests) from TTS API. Probable cause: Unknown
Ligne 1483 : 429 (Too Many Requests) from TTS API. Probable cause: Unknown
Ligne 1484 : 429 (Too Many Requests) from TTS API. Probable cause: Unknown
Ligne 1485 : 429 (Too Many Requests) from TTS API. Probable cause: Unknown
Ligne 1486 : 429 (Too Many Requests) from TTS API. Probable cause: Unknown
Ligne 1487 : 429 (Too Many Requests) from TTS API. Probable cause: Unknown
Ligne 1488 : 429 (Too Many Requests) from TTS API. Probable cause: Unknown
Ligne 1489 : 429 (Too Many Requests) from TTS API. Probable cause: Unknown
Ligne 1490 : 429 (Too Many Requests) from TTS API. Probable cause: Unknown
Ligne 1491 : 429 (Too Many Requests) from TTS API. Probable cause: Unknown
Ligne 1492 : 429 (Too Many Requests) from TTS API. Probable cause: Unknown
Ligne 1493 : 429 (Too Many Requests) from TTS API. Probable cause: Unknown
Ligne 1494 : 429 (Too Many Requests) from TTS API. Probable cause: Unknown
Ligne 1495 : 429 (Too Many Requests) from TTS API. Probable cause: Unknown
Ligne 1496 : 429 (Too Many Requests) from TTS API. Probable cause: Unknown
Ligne 1497 : 429 (Too Many Requests) from TTS API. Probable cause: Unknown
Ligne 1498 : 429 (Too Many Requests) from TTS API. Probable cause: Unknown
Ligne 1499 : 429 (Too Many Requests) from TTS API. Probable cause: Unknown
Ligne 1500 : 429 (Too Many Requests) from TTS API. Probable cause: Unknown
Ligne 1501 : 429 (Too Many Requests) from TTS API. Probable cause: Unknown
Ligne 1502 : 429 (Too Many Requests) from TTS API. Probable cause: Unknown
Ligne 1503 : 429 (Too Many Requests) from TTS API. Probable cause: Unknown
Ligne 1504 : 429 (Too Many Requests) from TTS API. Probable cause: Unknown
Ligne 1505 : 429 (Too Many Requests) from TTS API. Probable cause: Unknown
Ligne 1506 : 429 (Too Many Requests) from TTS API. Probable cause: Unknown
Ligne 1507 : 429 (Too Many Requests) from TTS API. Probable cause: Unknown
Ligne 1508 : 429 (Too Many Requests) from TTS API. Probable cause: Unknown
Ligne 1509 : 429 (Too Many Requests) from TTS API. Probable cause: Unknown
Ligne 1510 : 429 (Too Many Requests) from TTS API. Probable cause: Unknown
Ligne 1511 : 429 (Too Many Requests) from TTS API. Probable cause: Unknown
Ligne 1512 : 429 (Too Many Requests) from TTS API. Probable cause: Unknown
Ligne 1513 : 429 (Too Many Requests) from TTS API. Probable cause: Unknown
Ligne 1514 : 429 (Too Many Requests) from TTS API. Probable cause: Unknown
Ligne 1515 : 429 (Too Many Requests) from TTS API. Probable cause: Unknown
Ligne 1516 : 429 (Too Many Requests) from TTS API. Probable cause: Unknown
Ligne 1517 : 429 (Too Many Requests) from TTS API. Probable cause: Unknown
Ligne 1518 : 429 (Too Many Requests) from TTS API. Probable cause: Unknown
Ligne 1519 : 429 (Too Many Requests) from TTS API. Probable cause: Unknown
Ligne 1520 : 429 (Too Many Requests) from TTS API. Probable cause: Unknown
Ligne 1521 : 429 (Too Many Requests) from TTS API. Probable cause: Unknown
Ligne 1522 : 429 (Too Many Requests) from TTS API. Probable cause: Unknown
Ligne 1523 : 429 (Too Many Requests) from TTS API. Probable cause: Unknown
Ligne 1524 : 429 (Too Many Requests) from TTS API. Probable cause: Unknown
Ligne 1525 : 429 (Too Many Requests) from TTS API. Probable cause: Unknown
Ligne 1526 : 429 (Too Many Requests) from TTS API. Probable cause: Unknown
Ligne 1527 : 429 (Too Many Requests) from TTS API. Probable cause: Unknown
Ligne 1528 : 429 (Too Many Requests) from TTS API. Probable cause: Unknown
Ligne 1529 : 429 (Too Many Requests) from TTS API. Probable cause: Unknown
Ligne 1530 : 429 (Too Many Requests) from TTS API. Probable cause: Unknown
Ligne 1531 : 429 (Too Many Requests) from TTS API. Probable cause: Unknown
Ligne 1532 : 429 (Too Many Requests) from TTS API. Probable cause: Unknown
Ligne 1533 : 429 (Too Many Requests) from TTS API. Probable cause: Unknown
Ligne 1534 : 429 (Too Many Requests) from TTS API. Probable cause: Unknown
Ligne 1535 : 429 (Too Many Requests) from TTS API. Probable cause: Unknown
Ligne 1536 : 429 (Too Many Requests) from TTS API. Probable cause: Unknown
Ligne 1537 : 429 (Too Many Requests) from TTS API. Probable cause: Unknown
Ligne 1538 : 429 (Too Many Requests) from TTS API. Probable cause: Unknown
Ligne 1539 : 429 (Too Many Requests) from TTS API. Probable cause: Unknown
Ligne 1540 : 429 (Too Many Requests) from TTS API. Probable cause: Unknown
Ligne 1541 : 429 (Too Many Requests) from TTS API. Probable cause: Unknown
Ligne 1542 : 429 (Too Many Requests) from TTS API. Probable cause: Unknown
Ligne 1543 : 429 (Too Many Requests) from TTS API. Probable cause: Unknown
Ligne 1544 : 429 (Too Many Requests) from TTS API. Probable cause: Unknown
Ligne 1545 : 429 (Too Many Requests) from TTS API. Probable cause: Unknown
Ligne 1546 : 429 (Too Many Requests) from TTS API. Probable cause: Unknown
Ligne 1547 : 429 (Too Many Requests) from TTS API. Probable cause: Unknown
Ligne 1548 : 429 (Too Many Requests) from TTS API. Probable cause: Unknown
Ligne 1549 : 429 (Too Many Requests) from TTS API. Probable cause: Unknown
Ligne 1550 : 429 (Too Many Requests) from TTS API. Probable cause: Unknown
Ligne 1551 : 429 (Too Many Requests) from TTS API. Probable cause: Unknown
Ligne 1552 : 429 (Too Many Requests) from TTS API. Probable cause: Unknown
Ligne 1553 : 429 (Too Many Requests) from TTS API. Probable cause: Unknown
Ligne 1554 : 429 (Too Many Requests) from TTS API. Probable cause: Unknown
Ligne 1555 : 429 (Too Many Requests) from TTS API. Probable cause: Unknown
Ligne 1556 : 429 (Too Many Requests) from TTS API. Probable cause: Unknown
Ligne 1557 : 429 (Too Many Requests) from TTS API. Probable cause: Unknown
Ligne 1558 : 429 (Too Many Requests) from TTS API. Probable cause: Unknown
Ligne 1559 : 429 (Too Many Requests) from TTS API. Probable cause: Unknown
Ligne 1560 : 429 (Too Many Requests) from TTS API. Probable cause: Unknown
Ligne 1561 : 429 (Too Many Requests) from TTS API. Probable cause: Unknown
Ligne 1562 : 429 (Too Many Requests) from TTS API. Probable cause: Unknown
Ligne 1563 : 429 (Too Many Requests) from TTS API. Probable cause: Unknown
Ligne 1564 : 429 (Too Many Requests) from TTS API. Probable cause: Unknown
Ligne 1565 : 429 (Too Many Requests) from TTS API. Probable cause: Unknown
Ligne 1566 : 429 (Too Many Requests) from TTS API. Probable cause: Unknown
Ligne 1567 : 429 (Too Many Requests) from TTS API. Probable cause: Unknown
Ligne 1568 : 429 (Too Many Requests) from TTS API. Probable cause: Unknown
Ligne 1569 : 429 (Too Many Requests) from TTS API. Probable cause: Unknown
Ligne 1570 : 429 (Too Many Requests) from TTS API. Probable cause: Unknown
Ligne 1571 : 429 (Too Many Requests) from TTS API. Probable cause: Unknown
Ligne 1572 : 429 (Too Many Requests) from TTS API. Probable cause: Unknown
Ligne 1573 : 429 (Too Many Requests) from TTS API. Probable cause: Unknown
Ligne 1574 : 429 (Too Many Requests) from TTS API. Probable cause: Unknown
Ligne 1575 : 429 (Too Many Requests) from TTS API. Probable cause: Unknown
Ligne 1576 : 429 (Too Many Requests) from TTS API. Probable cause: Unknown
Ligne 1577 : 429 (Too Many Requests) from TTS API. Probable cause: Unknown
Ligne 1578 : 429 (Too Many Requests) from TTS API. Probable cause: Unknown
Ligne 1579 : 429 (Too Many Requests) from TTS API. Probable cause: Unknown
Ligne 1580 : 429 (Too Many Requests) from TTS API. Probable cause: Unknown
Ligne 1581 : 429 (Too Many Requests) from TTS API. Probable cause: Unknown
Ligne 1582 : 429 (Too Many Requests) from TTS API. Probable cause: Unknown
Ligne 1583 : 429 (Too Many Requests) from TTS API. Probable cause: Unknown
Ligne 1584 : 429 (Too Many Requests) from TTS API. Probable cause: Unknown
Ligne 1585 : 429 (Too Many Requests) from TTS API. Probable cause: Unknown
Ligne 1586 : 429 (Too Many Requests) from TTS API. Probable cause: Unknown
Ligne 1587 : 429 (Too Many Requests) from TTS API. Probable cause: Unknown
Ligne 1588 : 429 (Too Many Requests) from TTS API. Probable cause: Unknown
Ligne 1589 : 429 (Too Many Requests) from TTS API. Probable cause: Unknown
Ligne 1590 : 429 (Too Many Requests) from TTS API. Probable cause: Unknown
Ligne 1591 : 429 (Too Many Requests) from TTS API. Probable cause: Unknown
Ligne 1592 : 429 (Too Many Requests) from TTS API. Probable cause: Unknown
Ligne 1593 : 429 (Too Many Requests) from TTS API. Probable cause: Unknown
Ligne 1594 : 429 (Too Many Requests) from TTS API. Probable cause: Unknown
Ligne 1595 : 429 (Too Many Requests) from TTS API. Probable cause: Unknown
Ligne 1596 : 429 (Too Many Requests) from TTS API. Probable cause: Unknown
Ligne 1597 : 429 (Too Many Requests) from TTS API. Probable cause: Unknown
Ligne 1598 : 429 (Too Many Requests) from TTS API. Probable cause: Unknown
Ligne 1599 : 429 (Too Many Requests) from TTS API. Probable cause: Unknown
Ligne 1600 : 429 (Too Many Requests) from TTS API. Probable cause: Unknown
Ligne 1601 : 429 (Too Many Requests) from TTS API. Probable cause: Unknown
Ligne 1602 : 429 (Too Many Requests) from TTS API. Probable cause: Unknown
Ligne 1603 : 429 (Too Many Requests) from TTS API. Probable cause: Unknown
Ligne 1604 : 429 (Too Many Requests) from TTS API. Probable cause: Unknown
Ligne 1605 : 429 (Too Many Requests) from TTS API. Probable cause: Unknown
Ligne 1606 : 429 (Too Many Requests) from TTS API. Probable cause: Unknown
Ligne 1607 : 429 (Too Many Requests) from TTS API. Probable cause: Unknown
Ligne 1608 : 429 (Too Many Requests) from TTS API. Probable cause: Unknown
Ligne 1609 : 429 (Too Many Requests) from TTS API. Probable cause: Unknown
Ligne 1610 : 429 (Too Many Requests) from TTS API. Probable cause: Unknown
Ligne 1611 : 429 (Too Many Requests) from TTS API. Probable cause: Unknown
Ligne 1612 : 429 (Too Many Requests) from TTS API. Probable cause: Unknown
Ligne 1613 : 429 (Too Many Requests) from TTS API. Probable cause: Unknown
Ligne 1614 : 429 (Too Many Requests) from TTS API. Probable cause: Unknown
Ligne 1615 : 429 (Too Many Requests) from TTS API. Probable cause: Unknown
Ligne 1616 : 429 (Too Many Requests) from TTS API. Probable cause: Unknown
Ligne 1617 : 429 (Too Many Requests) from TTS API. Probable cause: Unknown
Ligne 1618 : 429 (Too Many Requests) from TTS API. Probable cause: Unknown
Ligne 1619 : 429 (Too Many Requests) from TTS API. Probable cause: Unknown
Ligne 1620 : 429 (Too Many Requests) from TTS API. Probable cause: Unknown
Ligne 1621 : 429 (Too Many Requests) from TTS API. Probable cause: Unknown
Ligne 1622 : 429 (Too Many Requests) from TTS API. Probable cause: Unknown
Ligne 1623 : 429 (Too Many Requests) from TTS API. Probable cause: Unknown
Ligne 1624 : 429 (Too Many Requests) from TTS API. Probable cause: Unknown
Ligne 1625 : 429 (Too Many Requests) from TTS API. Probable cause: Unknown
Ligne 1626 : 429 (Too Many Requests) from TTS API. Probable cause: Unknown
Ligne 1627 : 429 (Too Many Requests) from TTS API. Probable cause: Unknown
Ligne 1628 : 429 (Too Many Requests) from TTS API. Probable cause: Unknown
Ligne 1629 : 429 (Too Many Requests) from TTS API. Probable cause: Unknown
Ligne 1630 : 429 (Too Many Requests) from TTS API. Probable cause: Unknown
Ligne 1631 : 429 (Too Many Requests) from TTS API. Probable cause: Unknown
Ligne 1632 : 429 (Too Many Requests) from TTS API. Probable cause: Unknown
Ligne 1633 : 429 (Too Many Requests) from TTS API. Probable cause: Unknown
Ligne 1634 : 429 (Too Many Requests) from TTS API. Probable cause: Unknown
Ligne 1635 : 429 (Too Many Requests) from TTS API. Probable cause: Unknown
Ligne 1636 : 429 (Too Many Requests) from TTS API. Probable cause: Unknown
Ligne 1637 : 429 (Too Many Requests) from TTS API. Probable cause: Unknown
Ligne 1638 : 429 (Too Many Requests) from TTS API. Probable cause: Unknown
Ligne 1639 : 429 (Too Many Requests) from TTS API. Probable cause: Unknown
Ligne 1640 : 429 (Too Many Requests) from TTS API. Probable cause: Unknown
Ligne 1641 : 429 (Too Many Requests) from TTS API. Probable cause: Unknown
Ligne 1642 : 429 (Too Many Requests) from TTS API. Probable cause: Unknown
Ligne 1643 : 429 (Too Many Requests) from TTS API. Probable cause: Unknown
Ligne 1644 : 429 (Too Many Requests) from TTS API. Probable cause: Unknown
Ligne 1645 : 429 (Too Many Requests) from TTS API. Probable cause: Unknown
Ligne 1646 : 429 (Too Many Requests) from TTS API. Probable cause: Unknown
Ligne 1647 : 429 (Too Many Requests) from TTS API. Probable cause: Unknown
Ligne 1648 : 429 (Too Many Requests) from TTS API. Probable cause: Unknown
Ligne 1649 : 429 (Too Many Requests) from TTS API. Probable cause: Unknown
Ligne 1650 : 429 (Too Many Requests) from TTS API. Probable cause: Unknown
Ligne 1651 : 429 (Too Many Requests) from TTS API. Probable cause: Unknown
Ligne 1652 : 429 (Too Many Requests) from TTS API. Probable cause: Unknown
Ligne 1653 : 429 (Too Many Requests) from TTS API. Probable cause: Unknown
Ligne 1654 : 429 (Too Many Requests) from TTS API. Probable cause: Unknown
Ligne 1655 : 429 (Too Many Requests) from TTS API. Probable cause: Unknown
Ligne 1656 : 429 (Too Many Requests) from TTS API. Probable cause: Unknown
Ligne 1657 : 429 (Too Many Requests) from TTS API. Probable cause: Unknown
Ligne 1658 : 429 (Too Many Requests) from TTS API. Probable cause: Unknown
Ligne 1659 : 429 (Too Many Requests) from TTS API. Probable cause: Unknown
Ligne 1660 : 429 (Too Many Requests) from TTS API. Probable cause: Unknown
Ligne 1661 : 429 (Too Many Requests) from TTS API. Probable cause: Unknown
Ligne 1662 : 429 (Too Many Requests) from TTS API. Probable cause: Unknown
Ligne 1663 : 429 (Too Many Requests) from TTS API. Probable cause: Unknown
Ligne 1664 : 429 (Too Many Requests) from TTS API. Probable cause: Unknown
Ligne 1665 : 429 (Too Many Requests) from TTS API. Probable cause: Unknown
Ligne 1666 : 429 (Too Many Requests) from TTS API. Probable cause: Unknown
Ligne 1667 : 429 (Too Many Requests) from TTS API. Probable cause: Unknown
Ligne 1668 : 429 (Too Many Requests) from TTS API. Probable cause: Unknown
Ligne 1669 : 429 (Too Many Requests) from TTS API. Probable cause: Unknown
Ligne 1670 : 429 (Too Many Requests) from TTS API. Probable cause: Unknown
Ligne 1671 : 429 (Too Many Requests) from TTS API. Probable cause: Unknown
Ligne 1672 : 429 (Too Many Requests) from TTS API. Probable cause: Unknown
Ligne 1673 : 429 (Too Many Requests) from TTS API. Probable cause: Unknown
Ligne 1674 : 429 (Too Many Requests) from TTS API. Probable cause: Unknown
Ligne 1675 : 429 (Too Many Requests) from TTS API. Probable cause: Unknown
Ligne 1676 : 429 (Too Many Requests) from TTS API. Probable cause: Unknown
Ligne 1677 : 429 (Too Many Requests) from TTS API. Probable cause: Unknown
Ligne 1678 : 429 (Too Many Requests) from TTS API. Probable cause: Unknown
Ligne 1679 : 429 (Too Many Requests) from TTS API. Probable cause: Unknown
Ligne 1680 : 429 (Too Many Requests) from TTS API. Probable cause: Unknown
Ligne 1681 : 429 (Too Many Requests) from TTS API. Probable cause: Unknown
Ligne 1682 : 429 (Too Many Requests) from TTS API. Probable cause: Unknown
Ligne 1683 : 429 (Too Many Requests) from TTS API. Probable cause: Unknown
Ligne 1684 : 429 (Too Many Requests) from TTS API. Probable cause: Unknown
Ligne 1685 : 429 (Too Many Requests) from TTS API. Probable cause: Unknown
Ligne 1686 : 429 (Too Many Requests) from TTS API. Probable cause: Unknown
Ligne 1687 : 429 (Too Many Requests) from TTS API. Probable cause: Unknown
Ligne 1688 : 429 (Too Many Requests) from TTS API. Probable cause: Unknown
Ligne 1689 : 429 (Too Many Requests) from TTS API. Probable cause: Unknown
Ligne 1690 : 429 (Too Many Requests) from TTS API. Probable cause: Unknown
Ligne 1691 : 429 (Too Many Requests) from TTS API. Probable cause: Unknown
Ligne 1692 : 429 (Too Many Requests) from TTS API. Probable cause: Unknown
Ligne 1693 : 429 (Too Many Requests) from TTS API. Probable cause: Unknown
Ligne 1694 : 429 (Too Many Requests) from TTS API. Probable cause: Unknown
Ligne 1695 : 429 (Too Many Requests) from TTS API. Probable cause: Unknown
Ligne 1696 : 429 (Too Many Requests) from TTS API. Probable cause: Unknown
Ligne 1697 : 429 (Too Many Requests) from TTS API. Probable cause: Unknown
Ligne 1698 : 429 (Too Many Requests) from TTS API. Probable cause: Unknown
Ligne 1699 : 429 (Too Many Requests) from TTS API. Probable cause: Unknown
Ligne 1700 : 429 (Too Many Requests) from TTS API. Probable cause: Unknown
Ligne 1701 : 429 (Too Many Requests) from TTS API. Probable cause: Unknown
Ligne 1702 : 429 (Too Many Requests) from TTS API. Probable cause: Unknown
Ligne 1703 : 429 (Too Many Requests) from TTS API. Probable cause: Unknown
Ligne 1704 : 429 (Too Many Requests) from TTS API. Probable cause: Unknown
Ligne 1705 : 429 (Too Many Requests) from TTS API. Probable cause: Unknown
Ligne 1706 : 429 (Too Many Requests) from TTS API. Probable cause: Unknown
Ligne 1707 : 429 (Too Many Requests) from TTS API. Probable cause: Unknown
Ligne 1708 : 429 (Too Many Requests) from TTS API. Probable cause: Unknown
Ligne 1709 : 429 (Too Many Requests) from TTS API. Probable cause: Unknown
Ligne 1710 : 429 (Too Many Requests) from TTS API. Probable cause: Unknown
Ligne 1711 : 429 (Too Many Requests) from TTS API. Probable cause: Unknown
Ligne 1712 : 429 (Too Many Requests) from TTS API. Probable cause: Unknown
Ligne 1713 : 429 (Too Many Requests) from TTS API. Probable cause: Unknown
Ligne 1714 : 429 (Too Many Requests) from TTS API. Probable cause: Unknown
Ligne 1715 : 429 (Too Many Requests) from TTS API. Probable cause: Unknown
Ligne 1716 : 429 (Too Many Requests) from TTS API. Probable cause: Unknown
Ligne 1717 : 429 (Too Many Requests) from TTS API. Probable cause: Unknown
Ligne 1718 : 429 (Too Many Requests) from TTS API. Probable cause: Unknown
Ligne 1719 : 429 (Too Many Requests) from TTS API. Probable cause: Unknown
Ligne 1720 : 429 (Too Many Requests) from TTS API. Probable cause: Unknown
Ligne 1721 : 429 (Too Many Requests) from TTS API. Probable cause: Unknown
Ligne 1722 : 429 (Too Many Requests) from TTS API. Probable cause: Unknown
Ligne 1723 : 429 (Too Many Requests) from TTS API. Probable cause: Unknown
Ligne 1724 : 429 (Too Many Requests) from TTS API. Probable cause: Unknown
Ligne 1725 : 429 (Too Many Requests) from TTS API. Probable cause: Unknown
Ligne 1726 : 429 (Too Many Requests) from TTS API. Probable cause: Unknown
Ligne 1727 : 429 (Too Many Requests) from TTS API. Probable cause: Unknown
Ligne 1728 : 429 (Too Many Requests) from TTS API. Probable cause: Unknown
Ligne 1729 : 429 (Too Many Requests) from TTS API. Probable cause: Unknown
Ligne 1730 : 429 (Too Many Requests) from TTS API. Probable cause: Unknown
Ligne 1731 : 429 (Too Many Requests) from TTS API. Probable cause: Unknown
Ligne 1732 : 429 (Too Many Requests) from TTS API. Probable cause: Unknown
Ligne 1733 : 429 (Too Many Requests) from TTS API. Probable cause: Unknown
Ligne 1734 : 429 (Too Many Requests) from TTS API. Probable cause: Unknown
Ligne 1735 : 429 (Too Many Requests) from TTS API. Probable cause: Unknown
Ligne 1736 : 429 (Too Many Requests) from TTS API. Probable cause: Unknown
Ligne 1737 : 429 (Too Many Requests) from TTS API. Probable cause: Unknown
Ligne 1738 : 429 (Too Many Requests) from TTS API. Probable cause: Unknown
Ligne 1739 : 429 (Too Many Requests) from TTS API. Probable cause: Unknown
Ligne 1740 : 429 (Too Many Requests) from TTS API. Probable cause: Unknown
Ligne 1741 : 429 (Too Many Requests) from TTS API. Probable cause: Unknown
Ligne 1742 : 429 (Too Many Requests) from TTS API. Probable cause: Unknown
Ligne 1743 : 429 (Too Many Requests) from TTS API. Probable cause: Unknown
Ligne 1744 : 429 (Too Many Requests) from TTS API. Probable cause: Unknown
Ligne 1745 : 429 (Too Many Requests) from TTS API. Probable cause: Unknown
Ligne 1746 : 429 (Too Many Requests) from TTS API. Probable cause: Unknown
Ligne 1747 : 429 (Too Many Requests) from TTS API. Probable cause: Unknown
Ligne 1748 : 429 (Too Many Requests) from TTS API. Probable cause: Unknown
Ligne 1749 : 429 (Too Many Requests) from TTS API. Probable cause: Unknown
Ligne 1750 : 429 (Too Many Requests) from TTS API. Probable cause: Unknown
Ligne 1751 : 429 (Too Many Requests) from TTS API. Probable cause: Unknown
Ligne 1752 : 429 (Too Many Requests) from TTS API. Probable cause: Unknown
Ligne 1753 : 429 (Too Many Requests) from TTS API. Probable cause: Unknown
Ligne 1754 : 429 (Too Many Requests) from TTS API. Probable cause: Unknown
Ligne 1755 : 429 (Too Many Requests) from TTS API. Probable cause: Unknown
Ligne 1756 : 429 (Too Many Requests) from TTS API. Probable cause: Unknown
Ligne 1757 : 429 (Too Many Requests) from TTS API. Probable cause: Unknown
Ligne 1758 : 429 (Too Many Requests) from TTS API. Probable cause: Unknown
Ligne 1759 : 429 (Too Many Requests) from TTS API. Probable cause: Unknown
Ligne 1760 : 429 (Too Many Requests) from TTS API. Probable cause: Unknown
Ligne 1761 : 429 (Too Many Requests) from TTS API. Probable cause: Unknown
Ligne 1762 : 429 (Too Many Requests) from TTS API. Probable cause: Unknown
Ligne 1763 : 429 (Too Many Requests) from TTS API. Probable cause: Unknown
Ligne 1764 : 429 (Too Many Requests) from TTS API. Probable cause: Unknown
Ligne 1765 : 429 (Too Many Requests) from TTS API. Probable cause: Unknown
Ligne 1766 : 429 (Too Many Requests) from TTS API. Probable cause: Unknown
Ligne 1767 : 429 (Too Many Requests) from TTS API. Probable cause: Unknown
Ligne 1768 : 429 (Too Many Requests) from TTS API. Probable cause: Unknown
Ligne 1769 : 429 (Too Many Requests) from TTS API. Probable cause: Unknown
Ligne 1770 : 429 (Too Many Requests) from TTS API. Probable cause: Unknown
Ligne 1771 : 429 (Too Many Requests) from TTS API. Probable cause: Unknown
Ligne 1772 : 429 (Too Many Requests) from TTS API. Probable cause: Unknown
Ligne 1773 : 429 (Too Many Requests) from TTS API. Probable cause: Unknown
Ligne 1774 : 429 (Too Many Requests) from TTS API. Probable cause: Unknown
Ligne 1775 : 429 (Too Many Requests) from TTS API. Probable cause: Unknown
Ligne 1776 : 429 (Too Many Requests) from TTS API. Probable cause: Unknown
Ligne 1777 : 429 (Too Many Requests) from TTS API. Probable cause: Unknown
Ligne 1778 : 429 (Too Many Requests) from TTS API. Probable cause: Unknown
Ligne 1779 : 429 (Too Many Requests) from TTS API. Probable cause: Unknown
Ligne 1780 : 429 (Too Many Requests) from TTS API. Probable cause: Unknown
Ligne 1781 : 429 (Too Many Requests) from TTS API. Probable cause: Unknown
Ligne 1782 : 429 (Too Many Requests) from TTS API. Probable cause: Unknown
Ligne 1783 : 429 (Too Many Requests) from TTS API. Probable cause: Unknown
Ligne 1784 : 429 (Too Many Requests) from TTS API. Probable cause: Unknown
Ligne 1785 : 429 (Too Many Requests) from TTS API. Probable cause: Unknown
Ligne 1786 : 429 (Too Many Requests) from TTS API. Probable cause: Unknown
Ligne 1787 : 429 (Too Many Requests) from TTS API. Probable cause: Unknown
Ligne 1788 : 429 (Too Many Requests) from TTS API. Probable cause: Unknown
Ligne 1789 : 429 (Too Many Requests) from TTS API. Probable cause: Unknown
Ligne 1790 : 429 (Too Many Requests) from TTS API. Probable cause: Unknown
Ligne 1791 : 429 (Too Many Requests) from TTS API. Probable cause: Unknown
Ligne 1792 : 429 (Too Many Requests) from TTS API. Probable cause: Unknown
Ligne 1793 : 429 (Too Many Requests) from TTS API. Probable cause: Unknown
Ligne 1794 : 429 (Too Many Requests) from TTS API. Probable cause: Unknown
Ligne 1795 : 429 (Too Many Requests) from TTS API. Probable cause: Unknown
Ligne 1796 : 429 (Too Many Requests) from TTS API. Probable cause: Unknown
Ligne 1797 : 429 (Too Many Requests) from TTS API. Probable cause: Unknown
Ligne 1798 : 429 (Too Many Requests) from TTS API. Probable cause: Unknown
Ligne 1799 : 429 (Too Many Requests) from TTS API. Probable cause: Unknown
Ligne 1800 : 429 (Too Many Requests) from TTS API. Probable cause: Unknown
Ligne 1801 : 429 (Too Many Requests) from TTS API. Probable cause: Unknown
Ligne 1802 : 429 (Too Many Requests) from TTS API. Probable cause: Unknown
Ligne 1803 : 429 (Too Many Requests) from TTS API. Probable cause: Unknown
Ligne 1804 : 429 (Too Many Requests) from TTS API. Probable cause: Unknown
Ligne 1805 : 429 (Too Many Requests) from TTS API. Probable cause: Unknown
Ligne 1806 : 429 (Too Many Requests) from TTS API. Probable cause: Unknown
Ligne 1807 : 429 (Too Many Requests) from TTS API. Probable cause: Unknown
Ligne 1808 : 429 (Too Many Requests) from TTS API. Probable cause: Unknown
Ligne 1809 : 429 (Too Many Requests) from TTS API. Probable cause: Unknown
Ligne 1810 : 429 (Too Many Requests) from TTS API. Probable cause: Unknown
Ligne 1811 : 429 (Too Many Requests) from TTS API. Probable cause: Unknown
Ligne 1812 : 429 (Too Many Requests) from TTS API. Probable cause: Unknown
Ligne 1813 : 429 (Too Many Requests) from TTS API. Probable cause: Unknown
Ligne 1814 : 429 (Too Many Requests) from TTS API. Probable cause: Unknown
Ligne 1815 : 429 (Too Many Requests) from TTS API. Probable cause: Unknown
Ligne 1816 : 429 (Too Many Requests) from TTS API. Probable cause: Unknown
Ligne 1817 : 429 (Too Many Requests) from TTS API. Probable cause: Unknown
Ligne 1818 : 429 (Too Many Requests) from TTS API. Probable cause: Unknown
Ligne 1819 : 429 (Too Many Requests) from TTS API. Probable cause: Unknown
Ligne 1820 : 429 (Too Many Requests) from TTS API. Probable cause: Unknown
Ligne 1821 : 429 (Too Many Requests) from TTS API. Probable cause: Unknown
Ligne 1822 : 429 (Too Many Requests) from TTS API. Probable cause: Unknown
Ligne 1823 : 429 (Too Many Requests) from TTS API. Probable cause: Unknown
Ligne 1824 : 429 (Too Many Requests) from TTS API. Probable cause: Unknown
Ligne 1825 : 429 (Too Many Requests) from TTS API. Probable cause: Unknown
Ligne 1826 : 429 (Too Many Requests) from TTS API. Probable cause: Unknown
Ligne 1827 : 429 (Too Many Requests) from TTS API. Probable cause: Unknown
Ligne 1828 : 429 (Too Many Requests) from TTS API. Probable cause: Unknown
Ligne 1829 : 429 (Too Many Requests) from TTS API. Probable cause: Unknown
Ligne 1830 : 429 (Too Many Requests) from TTS API. Probable cause: Unknown
Ligne 1831 : 429 (Too Many Requests) from TTS API. Probable cause: Unknown
Ligne 1832 : 429 (Too Many Requests) from TTS API. Probable cause: Unknown
Ligne 1833 : 429 (Too Many Requests) from TTS API. Probable cause: Unknown
Ligne 1834 : 429 (Too Many Requests) from TTS API. Probable cause: Unknown
Ligne 1835 : 429 (Too Many Requests) from TTS API. Probable cause: Unknown
Ligne 1836 : 429 (Too Many Requests) from TTS API. Probable cause: Unknown
Ligne 1837 : 429 (Too Many Requests) from TTS API. Probable cause: Unknown
Ligne 1838 : 429 (Too Many Requests) from TTS API. Probable cause: Unknown
Ligne 1839 : 429 (Too Many Requests) from TTS API. Probable cause: Unknown
Ligne 1840 : 429 (Too Many Requests) from TTS API. Probable cause: Unknown
Ligne 1841 : 429 (Too Many Requests) from TTS API. Probable cause: Unknown
Ligne 1842 : 429 (Too Many Requests) from TTS API. Probable cause: Unknown
Ligne 1843 : 429 (Too Many Requests) from TTS API. Probable cause: Unknown
Ligne 1844 : 429 (Too Many Requests) from TTS API. Probable cause: Unknown
Ligne 1845 : 429 (Too Many Requests) from TTS API. Probable cause: Unknown
Ligne 1846 : 429 (Too Many Requests) from TTS API. Probable cause: Unknown
Ligne 1847 : 429 (Too Many Requests) from TTS API. Probable cause: Unknown
Ligne 1848 : 429 (Too Many Requests) from TTS API. Probable cause: Unknown
Ligne 1849 : 429 (Too Many Requests) from TTS API. Probable cause: Unknown
Ligne 1850 : 429 (Too Many Requests) from TTS API. Probable cause: Unknown
Ligne 1851 : 429 (Too Many Requests) from TTS API. Probable cause: Unknown
Ligne 1852 : 429 (Too Many Requests) from TTS API. Probable cause: Unknown
Ligne 1853 : 429 (Too Many Requests) from TTS API. Probable cause: Unknown
Ligne 1854 : 429 (Too Many Requests) from TTS API. Probable cause: Unknown
Ligne 1855 : 429 (Too Many Requests) from TTS API. Probable cause: Unknown
Ligne 1856 : 429 (Too Many Requests) from TTS API. Probable cause: Unknown
Ligne 1857 : 429 (Too Many Requests) from TTS API. Probable cause: Unknown
Ligne 1858 : 429 (Too Many Requests) from TTS API. Probable cause: Unknown
Ligne 1859 : 429 (Too Many Requests) from TTS API. Probable cause: Unknown
Ligne 1860 : 429 (Too Many Requests) from TTS API. Probable cause: Unknown
Ligne 1861 : 429 (Too Many Requests) from TTS API. Probable cause: Unknown
Ligne 1862 : 429 (Too Many Requests) from TTS API. Probable cause: Unknown
Ligne 1863 : 429 (Too Many Requests) from TTS API. Probable cause: Unknown
Ligne 1864 : 429 (Too Many Requests) from TTS API. Probable cause: Unknown
Ligne 1865 : 429 (Too Many Requests) from TTS API. Probable cause: Unknown
Ligne 1866 : 429 (Too Many Requests) from TTS API. Probable cause: Unknown
Ligne 1867 : 429 (Too Many Requests) from TTS API. Probable cause: Unknown
Ligne 1868 : 429 (Too Many Requests) from TTS API. Probable cause: Unknown
Ligne 1869 : 429 (Too Many Requests) from TTS API. Probable cause: Unknown
Ligne 1870 : 429 (Too Many Requests) from TTS API. Probable cause: Unknown
Ligne 1871 : 429 (Too Many Requests) from TTS API. Probable cause: Unknown
Ligne 1872 : 429 (Too Many Requests) from TTS API. Probable cause: Unknown
Ligne 1873 : 429 (Too Many Requests) from TTS API. Probable cause: Unknown
Ligne 1874 : 429 (Too Many Requests) from TTS API. Probable cause: Unknown
Ligne 1875 : 429 (Too Many Requests) from TTS API. Probable cause: Unknown
Ligne 1876 : 429 (Too Many Requests) from TTS API. Probable cause: Unknown
Ligne 1877 : 429 (Too Many Requests) from TTS API. Probable cause: Unknown
Ligne 1878 : 429 (Too Many Requests) from TTS API. Probable cause: Unknown
Ligne 1879 : 429 (Too Many Requests) from TTS API. Probable cause: Unknown
Ligne 1880 : 429 (Too Many Requests) from TTS API. Probable cause: Unknown
Ligne 1881 : 429 (Too Many Requests) from TTS API. Probable cause: Unknown
Ligne 1882 : 429 (Too Many Requests) from TTS API. Probable cause: Unknown
Ligne 1883 : 429 (Too Many Requests) from TTS API. Probable cause: Unknown
Ligne 1884 : 429 (Too Many Requests) from TTS API. Probable cause: Unknown
Ligne 1885 : 429 (Too Many Requests) from TTS API. Probable cause: Unknown
Ligne 1886 : 429 (Too Many Requests) from TTS API. Probable cause: Unknown
Ligne 1887 : 429 (Too Many Requests) from TTS API. Probable cause: Unknown
Ligne 1888 : 429 (Too Many Requests) from TTS API. Probable cause: Unknown
Ligne 1889 : 429 (Too Many Requests) from TTS API. Probable cause: Unknown
Ligne 1890 : 429 (Too Many Requests) from TTS API. Probable cause: Unknown
Ligne 1891 : 429 (Too Many Requests) from TTS API. Probable cause: Unknown
Ligne 1892 : 429 (Too Many Requests) from TTS API. Probable cause: Unknown
Ligne 1893 : 429 (Too Many Requests) from TTS API. Probable cause: Unknown
Ligne 1894 : 429 (Too Many Requests) from TTS API. Probable cause: Unknown
Ligne 1895 : 429 (Too Many Requests) from TTS API. Probable cause: Unknown
Ligne 1896 : 429 (Too Many Requests) from TTS API. Probable cause: Unknown
Ligne 1897 : 429 (Too Many Requests) from TTS API. Probable cause: Unknown
Ligne 1898 : 429 (Too Many Requests) from TTS API. Probable cause: Unknown
Ligne 1899 : 429 (Too Many Requests) from TTS API. Probable cause: Unknown
Ligne 1900 : 429 (Too Many Requests) from TTS API. Probable cause: Unknown
Ligne 1901 : 429 (Too Many Requests) from TTS API. Probable cause: Unknown
Ligne 1902 : 429 (Too Many Requests) from TTS API. Probable cause: Unknown
Ligne 1903 : 429 (Too Many Requests) from TTS API. Probable cause: Unknown
Ligne 1904 : 429 (Too Many Requests) from TTS API. Probable cause: Unknown
Ligne 1905 : 429 (Too Many Requests) from TTS API. Probable cause: Unknown
Ligne 1906 : 429 (Too Many Requests) from TTS API. Probable cause: Unknown
Ligne 1907 : 429 (Too Many Requests) from TTS API. Probable cause: Unknown
Ligne 1908 : 429 (Too Many Requests) from TTS API. Probable cause: Unknown
Ligne 1909 : 429 (Too Many Requests) from TTS API. Probable cause: Unknown
Ligne 1910 : 429 (Too Many Requests) from TTS API. Probable cause: Unknown
Ligne 1911 : 429 (Too Many Requests) from TTS API. Probable cause: Unknown
Ligne 1912 : 429 (Too Many Requests) from TTS API. Probable cause: Unknown
Ligne 1913 : 429 (Too Many Requests) from TTS API. Probable cause: Unknown
Ligne 1914 : 429 (Too Many Requests) from TTS API. Probable cause: Unknown
Ligne 1915 : 429 (Too Many Requests) from TTS API. Probable cause: Unknown
Ligne 1916 : 429 (Too Many Requests) from TTS API. Probable cause: Unknown
Ligne 1917 : 429 (Too Many Requests) from TTS API. Probable cause: Unknown
Ligne 1918 : 429 (Too Many Requests) from TTS API. Probable cause: Unknown
Ligne 1919 : 429 (Too Many Requests) from TTS API. Probable cause: Unknown
Ligne 1920 : 429 (Too Many Requests) from TTS API. Probable cause: Unknown
Ligne 1921 : 429 (Too Many Requests) from TTS API. Probable cause: Unknown
Ligne 1922 : 429 (Too Many Requests) from TTS API. Probable cause: Unknown
Ligne 1923 : 429 (Too Many Requests) from TTS API. Probable cause: Unknown
Ligne 1924 : 429 (Too Many Requests) from TTS API. Probable cause: Unknown
Ligne 1925 : 429 (Too Many Requests) from TTS API. Probable cause: Unknown
Ligne 1926 : 429 (Too Many Requests) from TTS API. Probable cause: Unknown
Ligne 1927 : 429 (Too Many Requests) from TTS API. Probable cause: Unknown
Ligne 1928 : 429 (Too Many Requests) from TTS API. Probable cause: Unknown
Ligne 1929 : 429 (Too Many Requests) from TTS API. Probable cause: Unknown
Ligne 1930 : 429 (Too Many Requests) from TTS API. Probable cause: Unknown
Ligne 1931 : 429 (Too Many Requests) from TTS API. Probable cause: Unknown
Ligne 1932 : 429 (Too Many Requests) from TTS API. Probable cause: Unknown
Ligne 1933 : 429 (Too Many Requests) from TTS API. Probable cause: Unknown
Ligne 1934 : 429 (Too Many Requests) from TTS API. Probable cause: Unknown
Ligne 1935 : 429 (Too Many Requests) from TTS API. Probable cause: Unknown
Ligne 1936 : 429 (Too Many Requests) from TTS API. Probable cause: Unknown
Ligne 1937 : 429 (Too Many Requests) from TTS API. Probable cause: Unknown
Ligne 1938 : 429 (Too Many Requests) from TTS API. Probable cause: Unknown
Ligne 1939 : 429 (Too Many Requests) from TTS API. Probable cause: Unknown
Ligne 1940 : 429 (Too Many Requests) from TTS API. Probable cause: Unknown
Ligne 1941 : 429 (Too Many Requests) from TTS API. Probable cause: Unknown
Ligne 1942 : 429 (Too Many Requests) from TTS API. Probable cause: Unknown
Ligne 1943 : 429 (Too Many Requests) from TTS API. Probable cause: Unknown
Ligne 1944 : 429 (Too Many Requests) from TTS API. Probable cause: Unknown
Ligne 1945 : 429 (Too Many Requests) from TTS API. Probable cause: Unknown
Ligne 1946 : 429 (Too Many Requests) from TTS API. Probable cause: Unknown
Ligne 1947 : 429 (Too Many Requests) from TTS API. Probable cause: Unknown
Ligne 1948 : 429 (Too Many Requests) from TTS API. Probable cause: Unknown
Ligne 1949 : 429 (Too Many Requests) from TTS API. Probable cause: Unknown
Ligne 1950 : 429 (Too Many Requests) from TTS API. Probable cause: Unknown
Ligne 1951 : 429 (Too Many Requests) from TTS API. Probable cause: Unknown
Ligne 1952 : 429 (Too Many Requests) from TTS API. Probable cause: Unknown
Ligne 1953 : 429 (Too Many Requests) from TTS API. Probable cause: Unknown
Ligne 1954 : 429 (Too Many Requests) from TTS API. Probable cause: Unknown
Ligne 1955 : 429 (Too Many Requests) from TTS API. Probable cause: Unknown
Ligne 1956 : 429 (Too Many Requests) from TTS API. Probable cause: Unknown
Ligne 1957 : 429 (Too Many Requests) from TTS API. Probable cause: Unknown
Ligne 1958 : 429 (Too Many Requests) from TTS API. Probable cause: Unknown
Ligne 1959 : 429 (Too Many Requests) from TTS API. Probable cause: Unknown
Ligne 1960 : 429 (Too Many Requests) from TTS API. Probable cause: Unknown
Ligne 1961 : 429 (Too Many Requests) from TTS API. Probable cause: Unknown
Ligne 1962 : 429 (Too Many Requests) from TTS API. Probable cause: Unknown
Ligne 1963 : 429 (Too Many Requests) from TTS API. Probable cause: Unknown
Ligne 1964 : 429 (Too Many Requests) from TTS API. Probable cause: Unknown
Ligne 1965 : 429 (Too Many Requests) from TTS API. Probable cause: Unknown
Ligne 1966 : 429 (Too Many Requests) from TTS API. Probable cause: Unknown
Ligne 1967 : 429 (Too Many Requests) from TTS API. Probable cause: Unknown
Ligne 1968 : 429 (Too Many Requests) from TTS API. Probable cause: Unknown
Ligne 1969 : 429 (Too Many Requests) from TTS API. Probable cause: Unknown
Ligne 1970 : 429 (Too Many Requests) from TTS API. Probable cause: Unknown
Ligne 1971 : 429 (Too Many Requests) from TTS API. Probable cause: Unknown
Ligne 1972 : 429 (Too Many Requests) from TTS API. Probable cause: Unknown
Ligne 1973 : 429 (Too Many Requests) from TTS API. Probable cause: Unknown
Ligne 1974 : 429 (Too Many Requests) from TTS API. Probable cause: Unknown
Ligne 1975 : 429 (Too Many Requests) from TTS API. Probable cause: Unknown
Ligne 1976 : 429 (Too Many Requests) from TTS API. Probable cause: Unknown
Ligne 1977 : 429 (Too Many Requests) from TTS API. Probable cause: Unknown
Ligne 1978 : 429 (Too Many Requests) from TTS API. Probable cause: Unknown
Ligne 1979 : 429 (Too Many Requests) from TTS API. Probable cause: Unknown
Ligne 1980 : 429 (Too Many Requests) from TTS API. Probable cause: Unknown
Ligne 1981 : 429 (Too Many Requests) from TTS API. Probable cause: Unknown
Ligne 1982 : 429 (Too Many Requests) from TTS API. Probable cause: Unknown
Ligne 1983 : 429 (Too Many Requests) from TTS API. Probable cause: Unknown
Ligne 1984 : 429 (Too Many Requests) from TTS API. Probable cause: Unknown
Ligne 1985 : 429 (Too Many Requests) from TTS API. Probable cause: Unknown
Ligne 1986 : 429 (Too Many Requests) from TTS API. Probable cause: Unknown
Ligne 1987 : 429 (Too Many Requests) from TTS API. Probable cause: Unknown
Ligne 1988 : 429 (Too Many Requests) from TTS API. Probable cause: Unknown
Ligne 1989 : 429 (Too Many Requests) from TTS API. Probable cause: Unknown
Ligne 1990 : 429 (Too Many Requests) from TTS API. Probable cause: Unknown
Ligne 1991 : 429 (Too Many Requests) from TTS API. Probable cause: Unknown
Ligne 1992 : 429 (Too Many Requests) from TTS API. Probable cause: Unknown
Ligne 1993 : 429 (Too Many Requests) from TTS API. Probable cause: Unknown
Ligne 1994 : 429 (Too Many Requests) from TTS API. Probable cause: Unknown
Ligne 1995 : 429 (Too Many Requests) from TTS API. Probable cause: Unknown
Ligne 1996 : 429 (Too Many Requests) from TTS API. Probable cause: Unknown
Ligne 1997 : 429 (Too Many Requests) from TTS API. Probable cause: Unknown
Ligne 1998 : 429 (Too Many Requests) from TTS API. Probable cause: Unknown
Ligne 1999 : 429 (Too Many Requests) from TTS API. Probable cause: Unknown
Ligne 2000 : 429 (Too Many Requests) from TTS API. Probable cause: Unknown
